Component: Arm Compiler for Embedded 6.18 Tool: armlink [5e4cc100]

==============================================================================

Section Cross References

    main_3.o(.text.main) refers to my_interrupt.o(.text.IntMasterEnable) for IntMasterEnable
    main_3.o(.text.main) refers to my_sysctl.o(.text.SysCtlPeripheralEnable) for SysCtlPeripheralEnable
    main_3.o(.text.main) refers to my_timer.o(.text.TimerConfigure) for TimerConfigure
    main_3.o(.text.main) refers to my_timer.o(.text.TimerLoadSet) for TimerLoadSet
    main_3.o(.text.main) refers to my_timer.o(.text.TimerPrescaleSet) for TimerPrescaleSet
    main_3.o(.text.main) refers to main_3.o(.text.TIMER1A_IntHandler) for TIMER1A_IntHandler
    main_3.o(.text.main) refers to my_timer.o(.text.TimerIntRegister) for TimerIntRegister
    main_3.o(.text.main) refers to my_interrupt.o(.text.IntEnable) for IntEnable
    main_3.o(.text.main) refers to my_timer.o(.text.TimerIntEnable) for TimerIntEnable
    main_3.o(.text.main) refers to main_3.o(.text.TIMER0A_IntHandler) for TIMER0A_IntHandler
    main_3.o(.text.main) refers to my_timer.o(.text.TimerEnable) for TimerEnable
    main_3.o(.text.main) refers to my_gpio.o(.text.GPIOPinTypeGPIOOutput) for GPIOPinTypeGPIOOutput
    main_3.o(.text.main) refers to my_gpio.o(.text.GPIOPinWrite) for GPIOPinWrite
    main_3.o(.ARM.exidx.text.main) refers to main_3.o(.text.main) for [Anonymous Symbol]
    main_3.o(.text.TIMER1A_IntHandler) refers to my_gpio.o(.text.GPIOPinWrite) for GPIOPinWrite
    main_3.o(.text.TIMER1A_IntHandler) refers to my_timer.o(.text.TimerEnable) for TimerEnable
    main_3.o(.text.TIMER1A_IntHandler) refers to my_timer.o(.text.TimerIntClear) for TimerIntClear
    main_3.o(.text.TIMER1A_IntHandler) refers to my_timer.o(.text.TimerDisable) for TimerDisable
    main_3.o(.ARM.exidx.text.TIMER1A_IntHandler) refers to main_3.o(.text.TIMER1A_IntHandler) for [Anonymous Symbol]
    main_3.o(.text.TIMER0A_IntHandler) refers to my_timer.o(.text.TimerEnable) for TimerEnable
    main_3.o(.text.TIMER0A_IntHandler) refers to my_timer.o(.text.TimerIntClear) for TimerIntClear
    main_3.o(.text.TIMER0A_IntHandler) refers to my_timer.o(.text.TimerDisable) for TimerDisable
    main_3.o(.ARM.exidx.text.TIMER0A_IntHandler) refers to main_3.o(.text.TIMER0A_IntHandler) for [Anonymous Symbol]
    cpu.o(.ARM.exidx.text.CPUcpsid) refers to cpu.o(.text.CPUcpsid) for [Anonymous Symbol]
    cpu.o(.ARM.exidx.text.CPUprimask) refers to cpu.o(.text.CPUprimask) for [Anonymous Symbol]
    cpu.o(.ARM.exidx.text.CPUcpsie) refers to cpu.o(.text.CPUcpsie) for [Anonymous Symbol]
    cpu.o(.ARM.exidx.text.CPUwfi) refers to cpu.o(.text.CPUwfi) for [Anonymous Symbol]
    cpu.o(.ARM.exidx.text.CPUbasepriSet) refers to cpu.o(.text.CPUbasepriSet) for [Anonymous Symbol]
    cpu.o(.ARM.exidx.text.CPUbasepriGet) refers to cpu.o(.text.CPUbasepriGet) for [Anonymous Symbol]
    my_timer.o(.ARM.exidx.text.TimerEnable) refers to my_timer.o(.text.TimerEnable) for [Anonymous Symbol]
    my_timer.o(.ARM.exidx.text.TimerDisable) refers to my_timer.o(.text.TimerDisable) for [Anonymous Symbol]
    my_timer.o(.ARM.exidx.text.TimerConfigure) refers to my_timer.o(.text.TimerConfigure) for [Anonymous Symbol]
    my_timer.o(.ARM.exidx.text.TimerPrescaleSet) refers to my_timer.o(.text.TimerPrescaleSet) for [Anonymous Symbol]
    my_timer.o(.ARM.exidx.text.TimerLoadSet) refers to my_timer.o(.text.TimerLoadSet) for [Anonymous Symbol]
    my_timer.o(.ARM.exidx.text.TimerIntEnable) refers to my_timer.o(.text.TimerIntEnable) for [Anonymous Symbol]
    my_timer.o(.ARM.exidx.text.TimerIntClear) refers to my_timer.o(.text.TimerIntClear) for [Anonymous Symbol]
    my_timer.o(.text.TimerIntRegister) refers to my_timer.o(.text._TimerIntNumberGet) for _TimerIntNumberGet
    my_timer.o(.text.TimerIntRegister) refers to my_interrupt.o(.text.IntRegister) for IntRegister
    my_timer.o(.text.TimerIntRegister) refers to my_interrupt.o(.text.IntEnable) for IntEnable
    my_timer.o(.ARM.exidx.text.TimerIntRegister) refers to my_timer.o(.text.TimerIntRegister) for [Anonymous Symbol]
    my_timer.o(.text._TimerIntNumberGet) refers to my_timer.o(.rodata.g_ppui32TimerIntMap) for g_ppui32TimerIntMap
    my_timer.o(.ARM.exidx.text._TimerIntNumberGet) refers to my_timer.o(.text._TimerIntNumberGet) for [Anonymous Symbol]
    my_gpio.o(.ARM.exidx.text.GPIODirModeSet) refers to my_gpio.o(.text.GPIODirModeSet) for [Anonymous Symbol]
    my_gpio.o(.text.GPIOPinTypeGPIOOutput) refers to my_gpio.o(.text.GPIOPadConfigSet) for GPIOPadConfigSet
    my_gpio.o(.text.GPIOPinTypeGPIOOutput) refers to my_gpio.o(.text.GPIODirModeSet) for GPIODirModeSet
    my_gpio.o(.ARM.exidx.text.GPIOPinTypeGPIOOutput) refers to my_gpio.o(.text.GPIOPinTypeGPIOOutput) for [Anonymous Symbol]
    my_gpio.o(.ARM.exidx.text.GPIOPadConfigSet) refers to my_gpio.o(.text.GPIOPadConfigSet) for [Anonymous Symbol]
    my_gpio.o(.text.GPIOPinConfigure) refers to my_gpio.o(.rodata.g_pui32GPIOBaseAddrs) for g_pui32GPIOBaseAddrs
    my_gpio.o(.ARM.exidx.text.GPIOPinConfigure) refers to my_gpio.o(.text.GPIOPinConfigure) for [Anonymous Symbol]
    my_gpio.o(.ARM.exidx.text.GPIOPinWrite) refers to my_gpio.o(.text.GPIOPinWrite) for [Anonymous Symbol]
    my_gpio.o(.text.GPIOPinTypePWM) refers to my_gpio.o(.text.GPIODirModeSet) for GPIODirModeSet
    my_gpio.o(.text.GPIOPinTypePWM) refers to my_gpio.o(.text.GPIOPadConfigSet) for GPIOPadConfigSet
    my_gpio.o(.ARM.exidx.text.GPIOPinTypePWM) refers to my_gpio.o(.text.GPIOPinTypePWM) for [Anonymous Symbol]
    my_interrupt.o(.text.IntEnable) refers to my_interrupt.o(.rodata.g_pui32EnRegs) for g_pui32EnRegs
    my_interrupt.o(.ARM.exidx.text.IntEnable) refers to my_interrupt.o(.text.IntEnable) for [Anonymous Symbol]
    my_interrupt.o(.text.IntRegister) refers to my_interrupt.o(vtable) for g_pfnRAMVectors
    my_interrupt.o(.ARM.exidx.text.IntRegister) refers to my_interrupt.o(.text.IntRegister) for [Anonymous Symbol]
    my_interrupt.o(.text.IntMasterEnable) refers to cpu.o(.text.CPUcpsie) for CPUcpsie
    my_interrupt.o(.ARM.exidx.text.IntMasterEnable) refers to my_interrupt.o(.text.IntMasterEnable) for [Anonymous Symbol]
    my_interrupt.o(.text.IntDisable) refers to my_interrupt.o(.rodata.g_pui32Dii16Regs) for g_pui32Dii16Regs
    my_interrupt.o(.ARM.exidx.text.IntDisable) refers to my_interrupt.o(.text.IntDisable) for [Anonymous Symbol]
    my_interrupt.o(.text.IntUnregister) refers to my_interrupt.o(vtable) for g_pfnRAMVectors
    my_interrupt.o(.text.IntUnregister) refers to my_interrupt.o(.text._IntDefaultHandler) for _IntDefaultHandler
    my_interrupt.o(.ARM.exidx.text.IntUnregister) refers to my_interrupt.o(.text.IntUnregister) for [Anonymous Symbol]
    my_interrupt.o(.ARM.exidx.text._IntDefaultHandler) refers to my_interrupt.o(.text._IntDefaultHandler) for [Anonymous Symbol]
    my_sysctl.o(.ARM.exidx.text.SysCtlPeripheralEnable) refers to my_sysctl.o(.text.SysCtlPeripheralEnable) for [Anonymous Symbol]
    my_sysctl.o(.ARM.exidx.text.SysCtlPeripheralReady) refers to my_sysctl.o(.text.SysCtlPeripheralReady) for [Anonymous Symbol]
    my_sysctl.o(.ARM.exidx.text.SysCtlPWMClockSet) refers to my_sysctl.o(.text.SysCtlPWMClockSet) for [Anonymous Symbol]
    pwm.o(.ARM.exidx.text.PWMGenConfigure) refers to pwm.o(.text.PWMGenConfigure) for [Anonymous Symbol]
    pwm.o(.ARM.exidx.text.PWMGenPeriodSet) refers to pwm.o(.text.PWMGenPeriodSet) for [Anonymous Symbol]
    pwm.o(.ARM.exidx.text.PWMGenPeriodGet) refers to pwm.o(.text.PWMGenPeriodGet) for [Anonymous Symbol]
    pwm.o(.ARM.exidx.text.PWMGenEnable) refers to pwm.o(.text.PWMGenEnable) for [Anonymous Symbol]
    pwm.o(.ARM.exidx.text.PWMGenDisable) refers to pwm.o(.text.PWMGenDisable) for [Anonymous Symbol]
    pwm.o(.ARM.exidx.text.PWMPulseWidthSet) refers to pwm.o(.text.PWMPulseWidthSet) for [Anonymous Symbol]
    pwm.o(.ARM.exidx.text.PWMPulseWidthGet) refers to pwm.o(.text.PWMPulseWidthGet) for [Anonymous Symbol]
    pwm.o(.ARM.exidx.text.PWMDeadBandEnable) refers to pwm.o(.text.PWMDeadBandEnable) for [Anonymous Symbol]
    pwm.o(.ARM.exidx.text.PWMDeadBandDisable) refers to pwm.o(.text.PWMDeadBandDisable) for [Anonymous Symbol]
    pwm.o(.ARM.exidx.text.PWMSyncUpdate) refers to pwm.o(.text.PWMSyncUpdate) for [Anonymous Symbol]
    pwm.o(.ARM.exidx.text.PWMSyncTimeBase) refers to pwm.o(.text.PWMSyncTimeBase) for [Anonymous Symbol]
    pwm.o(.ARM.exidx.text.PWMOutputState) refers to pwm.o(.text.PWMOutputState) for [Anonymous Symbol]
    pwm.o(.ARM.exidx.text.PWMOutputInvert) refers to pwm.o(.text.PWMOutputInvert) for [Anonymous Symbol]
    pwm.o(.ARM.exidx.text.PWMOutputFaultLevel) refers to pwm.o(.text.PWMOutputFaultLevel) for [Anonymous Symbol]
    pwm.o(.ARM.exidx.text.PWMOutputFault) refers to pwm.o(.text.PWMOutputFault) for [Anonymous Symbol]
    pwm.o(.text.PWMGenIntRegister) refers to pwm.o(.text._PWMGenIntNumberGet) for _PWMGenIntNumberGet
    pwm.o(.text.PWMGenIntRegister) refers to my_interrupt.o(.text.IntRegister) for IntRegister
    pwm.o(.text.PWMGenIntRegister) refers to my_interrupt.o(.text.IntEnable) for IntEnable
    pwm.o(.ARM.exidx.text.PWMGenIntRegister) refers to pwm.o(.text.PWMGenIntRegister) for [Anonymous Symbol]
    pwm.o(.ARM.exidx.text._PWMGenIntNumberGet) refers to pwm.o(.text._PWMGenIntNumberGet) for [Anonymous Symbol]
    pwm.o(.text.PWMGenIntUnregister) refers to pwm.o(.text._PWMGenIntNumberGet) for _PWMGenIntNumberGet
    pwm.o(.text.PWMGenIntUnregister) refers to my_interrupt.o(.text.IntDisable) for IntDisable
    pwm.o(.text.PWMGenIntUnregister) refers to my_interrupt.o(.text.IntUnregister) for IntUnregister
    pwm.o(.ARM.exidx.text.PWMGenIntUnregister) refers to pwm.o(.text.PWMGenIntUnregister) for [Anonymous Symbol]
    pwm.o(.text.PWMFaultIntRegister) refers to pwm.o(.text._PWMFaultIntNumberGet) for _PWMFaultIntNumberGet
    pwm.o(.text.PWMFaultIntRegister) refers to my_interrupt.o(.text.IntRegister) for IntRegister
    pwm.o(.text.PWMFaultIntRegister) refers to my_interrupt.o(.text.IntEnable) for IntEnable
    pwm.o(.ARM.exidx.text.PWMFaultIntRegister) refers to pwm.o(.text.PWMFaultIntRegister) for [Anonymous Symbol]
    pwm.o(.ARM.exidx.text._PWMFaultIntNumberGet) refers to pwm.o(.text._PWMFaultIntNumberGet) for [Anonymous Symbol]
    pwm.o(.text.PWMFaultIntUnregister) refers to pwm.o(.text._PWMFaultIntNumberGet) for _PWMFaultIntNumberGet
    pwm.o(.text.PWMFaultIntUnregister) refers to my_interrupt.o(.text.IntDisable) for IntDisable
    pwm.o(.text.PWMFaultIntUnregister) refers to my_interrupt.o(.text.IntUnregister) for IntUnregister
    pwm.o(.ARM.exidx.text.PWMFaultIntUnregister) refers to pwm.o(.text.PWMFaultIntUnregister) for [Anonymous Symbol]
    pwm.o(.ARM.exidx.text.PWMGenIntTrigEnable) refers to pwm.o(.text.PWMGenIntTrigEnable) for [Anonymous Symbol]
    pwm.o(.ARM.exidx.text.PWMGenIntTrigDisable) refers to pwm.o(.text.PWMGenIntTrigDisable) for [Anonymous Symbol]
    pwm.o(.ARM.exidx.text.PWMGenIntStatus) refers to pwm.o(.text.PWMGenIntStatus) for [Anonymous Symbol]
    pwm.o(.ARM.exidx.text.PWMGenIntClear) refers to pwm.o(.text.PWMGenIntClear) for [Anonymous Symbol]
    pwm.o(.ARM.exidx.text.PWMIntEnable) refers to pwm.o(.text.PWMIntEnable) for [Anonymous Symbol]
    pwm.o(.ARM.exidx.text.PWMIntDisable) refers to pwm.o(.text.PWMIntDisable) for [Anonymous Symbol]
    pwm.o(.ARM.exidx.text.PWMFaultIntClear) refers to pwm.o(.text.PWMFaultIntClear) for [Anonymous Symbol]
    pwm.o(.ARM.exidx.text.PWMIntStatus) refers to pwm.o(.text.PWMIntStatus) for [Anonymous Symbol]
    pwm.o(.ARM.exidx.text.PWMFaultIntClearExt) refers to pwm.o(.text.PWMFaultIntClearExt) for [Anonymous Symbol]
    pwm.o(.ARM.exidx.text.PWMGenFaultConfigure) refers to pwm.o(.text.PWMGenFaultConfigure) for [Anonymous Symbol]
    pwm.o(.ARM.exidx.text.PWMGenFaultTriggerSet) refers to pwm.o(.text.PWMGenFaultTriggerSet) for [Anonymous Symbol]
    pwm.o(.ARM.exidx.text.PWMGenFaultTriggerGet) refers to pwm.o(.text.PWMGenFaultTriggerGet) for [Anonymous Symbol]
    pwm.o(.ARM.exidx.text.PWMGenFaultStatus) refers to pwm.o(.text.PWMGenFaultStatus) for [Anonymous Symbol]
    pwm.o(.ARM.exidx.text.PWMGenFaultClear) refers to pwm.o(.text.PWMGenFaultClear) for [Anonymous Symbol]
    pwm.o(.ARM.exidx.text.PWMClockSet) refers to pwm.o(.text.PWMClockSet) for [Anonymous Symbol]
    pwm.o(.ARM.exidx.text.PWMClockGet) refers to pwm.o(.text.PWMClockGet) for [Anonymous Symbol]
    pwm.o(.ARM.exidx.text.PWMOutputUpdateMode) refers to pwm.o(.text.PWMOutputUpdateMode) for [Anonymous Symbol]
    startup_tm4c123.o(STACK) refers (Special) to heapauxi.o(.text) for __use_two_region_memory
    startup_tm4c123.o(HEAP) refers (Special) to heapauxi.o(.text) for __use_two_region_memory
    startup_tm4c123.o(RESET) refers (Special) to heapauxi.o(.text) for __use_two_region_memory
    startup_tm4c123.o(RESET) refers to startup_tm4c123.o(STACK) for __initial_sp
    startup_tm4c123.o(RESET) refers to startup_tm4c123.o(.text) for Reset_Handler
    startup_tm4c123.o(.text) refers (Special) to heapauxi.o(.text) for __use_two_region_memory
    startup_tm4c123.o(.text) refers to system_tm4c123.o(.text.SystemInit) for SystemInit
    startup_tm4c123.o(.text) refers to __main.o(!!!main) for __main
    startup_tm4c123.o(.text) refers to startup_tm4c123.o(HEAP) for Heap_Mem
    startup_tm4c123.o(.text) refers to startup_tm4c123.o(STACK) for Stack_Mem
    system_tm4c123.o(.text.SystemCoreClockUpdate) refers to system_tm4c123.o(.text.getOscClk) for getOscClk
    system_tm4c123.o(.text.SystemCoreClockUpdate) refers to system_tm4c123.o(.data.SystemCoreClock) for SystemCoreClock
    system_tm4c123.o(.ARM.exidx.text.SystemCoreClockUpdate) refers to system_tm4c123.o(.text.SystemCoreClockUpdate) for [Anonymous Symbol]
    system_tm4c123.o(.ARM.exidx.text.getOscClk) refers to system_tm4c123.o(.text.getOscClk) for [Anonymous Symbol]
    system_tm4c123.o(.ARM.exidx.text.SystemInit) refers to system_tm4c123.o(.text.SystemInit) for [Anonymous Symbol]
    __main.o(!!!main) refers to __rtentry.o(.ARM.Collect$$rtentry$$00000000) for __rt_entry
    __rtentry.o(.ARM.Collect$$rtentry$$00000000) refers (Special) to __rtentry2.o(.ARM.Collect$$rtentry$$0000000A) for __rt_entry_li
    __rtentry.o(.ARM.Collect$$rtentry$$00000000) refers (Special) to __rtentry2.o(.ARM.Collect$$rtentry$$0000000D) for __rt_entry_main
    __rtentry.o(.ARM.Collect$$rtentry$$00000000) refers (Special) to __rtentry2.o(.ARM.Collect$$rtentry$$0000000C) for __rt_entry_postli_1
    __rtentry.o(.ARM.Collect$$rtentry$$00000000) refers (Special) to __rtentry2.o(.ARM.Collect$$rtentry$$00000009) for __rt_entry_postsh_1
    __rtentry.o(.ARM.Collect$$rtentry$$00000000) refers (Special) to __rtentry2.o(.ARM.Collect$$rtentry$$00000002) for __rt_entry_presh_1
    __rtentry.o(.ARM.Collect$$rtentry$$00000000) refers (Special) to __rtentry4.o(.ARM.Collect$$rtentry$$00000004) for __rt_entry_sh
    __rtentry2.o(.ARM.Collect$$rtentry$$00000008) refers to boardinit2.o(.text) for _platform_post_stackheap_init
    __rtentry2.o(.ARM.Collect$$rtentry$$0000000A) refers to libinit.o(.ARM.Collect$$libinit$$00000000) for __rt_lib_init
    __rtentry2.o(.ARM.Collect$$rtentry$$0000000B) refers to boardinit3.o(.text) for _platform_post_lib_init
    __rtentry2.o(.ARM.Collect$$rtentry$$0000000D) refers to main_3.o(.text.main) for main
    __rtentry2.o(.ARM.Collect$$rtentry$$0000000D) refers to exit.o(.text) for exit
    __rtentry2.o(.ARM.exidx) refers to __rtentry2.o(.ARM.Collect$$rtentry$$00000001) for .ARM.Collect$$rtentry$$00000001
    __rtentry2.o(.ARM.exidx) refers to __rtentry2.o(.ARM.Collect$$rtentry$$00000008) for .ARM.Collect$$rtentry$$00000008
    __rtentry2.o(.ARM.exidx) refers to __rtentry2.o(.ARM.Collect$$rtentry$$0000000A) for .ARM.Collect$$rtentry$$0000000A
    __rtentry2.o(.ARM.exidx) refers to __rtentry2.o(.ARM.Collect$$rtentry$$0000000B) for .ARM.Collect$$rtentry$$0000000B
    __rtentry2.o(.ARM.exidx) refers to __rtentry2.o(.ARM.Collect$$rtentry$$0000000D) for .ARM.Collect$$rtentry$$0000000D
    __rtentry4.o(.ARM.Collect$$rtentry$$00000004) refers to sys_stackheap_outer.o(.text) for __user_setup_stackheap
    __rtentry4.o(.ARM.exidx) refers to __rtentry4.o(.ARM.Collect$$rtentry$$00000004) for .ARM.Collect$$rtentry$$00000004
    sys_stackheap_outer.o(.text) refers to libspace.o(.text) for __user_perproc_libspace
    sys_stackheap_outer.o(.text) refers to startup_tm4c123.o(.text) for __user_initial_stackheap
    exit.o(.text) refers to rtexit.o(.ARM.Collect$$rtexit$$00000000) for __rt_exit
    libinit.o(.ARM.Collect$$libinit$$00000000) refers (Special) to libinit2.o(.ARM.Collect$$libinit$$00000030) for __rt_lib_init_alloca_1
    libinit.o(.ARM.Collect$$libinit$$00000000) refers (Special) to libinit2.o(.ARM.Collect$$libinit$$0000002E) for __rt_lib_init_argv_1
    libinit.o(.ARM.Collect$$libinit$$00000000) refers (Special) to libinit2.o(.ARM.Collect$$libinit$$0000001D) for __rt_lib_init_atexit_1
    libinit.o(.ARM.Collect$$libinit$$00000000) refers (Special) to libinit2.o(.ARM.Collect$$libinit$$00000023) for __rt_lib_init_clock_1
    libinit.o(.ARM.Collect$$libinit$$00000000) refers (Special) to libinit2.o(.ARM.Collect$$libinit$$00000034) for __rt_lib_init_cpp_1
    libinit.o(.ARM.Collect$$libinit$$00000000) refers (Special) to libinit2.o(.ARM.Collect$$libinit$$00000032) for __rt_lib_init_exceptions_1
    libinit.o(.ARM.Collect$$libinit$$00000000) refers (Special) to libinit2.o(.ARM.Collect$$libinit$$00000001) for __rt_lib_init_fp_1
    libinit.o(.ARM.Collect$$libinit$$00000000) refers (Special) to libinit2.o(.ARM.Collect$$libinit$$00000021) for __rt_lib_init_fp_trap_1
    libinit.o(.ARM.Collect$$libinit$$00000000) refers (Special) to libinit2.o(.ARM.Collect$$libinit$$00000025) for __rt_lib_init_getenv_1
    libinit.o(.ARM.Collect$$libinit$$00000000) refers (Special) to libinit2.o(.ARM.Collect$$libinit$$0000000C) for __rt_lib_init_heap_1
    libinit.o(.ARM.Collect$$libinit$$00000000) refers (Special) to libinit2.o(.ARM.Collect$$libinit$$00000013) for __rt_lib_init_lc_collate_1
    libinit.o(.ARM.Collect$$libinit$$00000000) refers (Special) to libinit2.o(.ARM.Collect$$libinit$$00000015) for __rt_lib_init_lc_ctype_1
    libinit.o(.ARM.Collect$$libinit$$00000000) refers (Special) to libinit2.o(.ARM.Collect$$libinit$$00000017) for __rt_lib_init_lc_monetary_1
    libinit.o(.ARM.Collect$$libinit$$00000000) refers (Special) to libinit2.o(.ARM.Collect$$libinit$$00000019) for __rt_lib_init_lc_numeric_1
    libinit.o(.ARM.Collect$$libinit$$00000000) refers (Special) to libinit2.o(.ARM.Collect$$libinit$$0000001B) for __rt_lib_init_lc_time_1
    libinit.o(.ARM.Collect$$libinit$$00000000) refers (Special) to libinit2.o(.ARM.Collect$$libinit$$00000006) for __rt_lib_init_preinit_1
    libinit.o(.ARM.Collect$$libinit$$00000000) refers (Special) to libinit2.o(.ARM.Collect$$libinit$$00000010) for __rt_lib_init_rand_1
    libinit.o(.ARM.Collect$$libinit$$00000000) refers (Special) to libinit2.o(.ARM.Collect$$libinit$$00000004) for __rt_lib_init_relocate_pie_1
    libinit.o(.ARM.Collect$$libinit$$00000000) refers (Special) to libinit2.o(.ARM.Collect$$libinit$$00000035) for __rt_lib_init_return
    libinit.o(.ARM.Collect$$libinit$$00000000) refers (Special) to libinit2.o(.ARM.Collect$$libinit$$0000001F) for __rt_lib_init_signal_1
    libinit.o(.ARM.Collect$$libinit$$00000000) refers (Special) to libinit2.o(.ARM.Collect$$libinit$$00000027) for __rt_lib_init_stdio_1
    libinit.o(.ARM.Collect$$libinit$$00000000) refers (Special) to libinit2.o(.ARM.Collect$$libinit$$0000000E) for __rt_lib_init_user_alloc_1
    libspace.o(.text) refers to libspace.o(.bss) for __libspace_start
    rtexit.o(.ARM.Collect$$rtexit$$00000000) refers (Special) to rtexit2.o(.ARM.Collect$$rtexit$$00000004) for __rt_exit_exit
    rtexit.o(.ARM.Collect$$rtexit$$00000000) refers (Special) to rtexit2.o(.ARM.Collect$$rtexit$$00000003) for __rt_exit_ls
    rtexit.o(.ARM.Collect$$rtexit$$00000000) refers (Special) to rtexit2.o(.ARM.Collect$$rtexit$$00000002) for __rt_exit_prels_1
    rtexit.o(.ARM.exidx) refers (Special) to rtexit2.o(.ARM.Collect$$rtexit$$00000004) for __rt_exit_exit
    rtexit.o(.ARM.exidx) refers (Special) to rtexit2.o(.ARM.Collect$$rtexit$$00000003) for __rt_exit_ls
    rtexit.o(.ARM.exidx) refers (Special) to rtexit2.o(.ARM.Collect$$rtexit$$00000002) for __rt_exit_prels_1
    rtexit.o(.ARM.exidx) refers to rtexit.o(.ARM.Collect$$rtexit$$00000000) for .ARM.Collect$$rtexit$$00000000
    libinit2.o(.ARM.Collect$$libinit$$00000001) refers to fpinit.o(x$fpl$fpinit) for _fp_init
    libinit2.o(.ARM.Collect$$libinit$$00000012) refers to libinit2.o(.ARM.Collect$$libinit$$00000011) for .ARM.Collect$$libinit$$00000011
    libinit2.o(.ARM.Collect$$libinit$$00000014) refers to libinit2.o(.ARM.Collect$$libinit$$00000011) for .ARM.Collect$$libinit$$00000011
    libinit2.o(.ARM.Collect$$libinit$$00000016) refers to libinit2.o(.ARM.Collect$$libinit$$00000011) for .ARM.Collect$$libinit$$00000011
    libinit2.o(.ARM.Collect$$libinit$$00000018) refers to libinit2.o(.ARM.Collect$$libinit$$00000011) for .ARM.Collect$$libinit$$00000011
    libinit2.o(.ARM.Collect$$libinit$$0000001A) refers to libinit2.o(.ARM.Collect$$libinit$$00000011) for .ARM.Collect$$libinit$$00000011
    libinit2.o(.ARM.Collect$$libinit$$00000028) refers to argv_veneer.o(.emb_text) for __ARM_argv_veneer
    libinit2.o(.ARM.Collect$$libinit$$00000029) refers to argv_veneer.o(.emb_text) for __ARM_argv_veneer
    rtexit2.o(.ARM.Collect$$rtexit$$00000003) refers to libshutdown.o(.ARM.Collect$$libshutdown$$00000000) for __rt_lib_shutdown
    rtexit2.o(.ARM.Collect$$rtexit$$00000004) refers to sys_exit.o(.text) for _sys_exit
    rtexit2.o(.ARM.exidx) refers to rtexit2.o(.ARM.Collect$$rtexit$$00000001) for .ARM.Collect$$rtexit$$00000001
    rtexit2.o(.ARM.exidx) refers to rtexit2.o(.ARM.Collect$$rtexit$$00000003) for .ARM.Collect$$rtexit$$00000003
    rtexit2.o(.ARM.exidx) refers to rtexit2.o(.ARM.Collect$$rtexit$$00000004) for .ARM.Collect$$rtexit$$00000004
    argv_veneer.o(.emb_text) refers to no_argv.o(.text) for __ARM_get_argv
    sys_exit.o(.text) refers (Special) to use_no_semi.o(.text) for __I$use$semihosting
    sys_exit.o(.text) refers (Special) to indicate_semi.o(.text) for __semihosting_library_function
    sys_exit_hlt.o(.text) refers (Special) to use_no_semi.o(.text) for __I$use$semihosting
    sys_exit_hlt.o(.text) refers (Special) to indicate_semi.o(.text) for __semihosting_library_function
    _get_argv_nomalloc.o(.text) refers (Special) to hrguard.o(.text) for __heap_region$guard
    _get_argv_nomalloc.o(.text) refers to defsig_rtmem_outer.o(.text) for __rt_SIGRTMEM
    _get_argv_nomalloc.o(.text) refers to sys_command.o(.text) for _sys_command_string
    libshutdown.o(.ARM.Collect$$libshutdown$$00000000) refers (Special) to libshutdown2.o(.ARM.Collect$$libshutdown$$00000002) for __rt_lib_shutdown_cpp_1
    libshutdown.o(.ARM.Collect$$libshutdown$$00000000) refers (Special) to libshutdown2.o(.ARM.Collect$$libshutdown$$00000007) for __rt_lib_shutdown_fp_trap_1
    libshutdown.o(.ARM.Collect$$libshutdown$$00000000) refers (Special) to libshutdown2.o(.ARM.Collect$$libshutdown$$0000000F) for __rt_lib_shutdown_heap_1
    libshutdown.o(.ARM.Collect$$libshutdown$$00000000) refers (Special) to libshutdown2.o(.ARM.Collect$$libshutdown$$00000010) for __rt_lib_shutdown_return
    libshutdown.o(.ARM.Collect$$libshutdown$$00000000) refers (Special) to libshutdown2.o(.ARM.Collect$$libshutdown$$0000000A) for __rt_lib_shutdown_signal_1
    libshutdown.o(.ARM.Collect$$libshutdown$$00000000) refers (Special) to libshutdown2.o(.ARM.Collect$$libshutdown$$00000004) for __rt_lib_shutdown_stdio_1
    libshutdown.o(.ARM.Collect$$libshutdown$$00000000) refers (Special) to libshutdown2.o(.ARM.Collect$$libshutdown$$0000000C) for __rt_lib_shutdown_user_alloc_1
    sys_command.o(.text) refers (Special) to use_no_semi.o(.text) for __I$use$semihosting
    sys_command.o(.text) refers (Special) to indicate_semi.o(.text) for __semihosting_library_function
    sys_command_hlt.o(.text) refers (Special) to use_no_semi.o(.text) for __I$use$semihosting
    sys_command_hlt.o(.text) refers (Special) to indicate_semi.o(.text) for __semihosting_library_function
    defsig_rtmem_outer.o(.text) refers to defsig_rtmem_inner.o(.text) for __rt_SIGRTMEM_inner
    defsig_rtmem_outer.o(.text) refers to defsig_exit.o(.text) for __sig_exit
    defsig_rtmem_formal.o(.text) refers to rt_raise.o(.text) for __rt_raise
    rt_raise.o(.text) refers to __raise.o(.text) for __raise
    rt_raise.o(.text) refers to sys_exit.o(.text) for _sys_exit
    defsig_exit.o(.text) refers to sys_exit.o(.text) for _sys_exit
    defsig_rtmem_inner.o(.text) refers to defsig_general.o(.text) for __default_signal_display
    __raise.o(.text) refers to defsig.o(CL$$defsig) for __default_signal_handler
    defsig_general.o(.text) refers to sys_wrch.o(.text) for _ttywrch
    sys_wrch.o(.text) refers (Special) to use_no_semi.o(.text) for __I$use$semihosting
    sys_wrch.o(.text) refers (Special) to indicate_semi.o(.text) for __semihosting_library_function
    sys_wrch_hlt.o(.text) refers (Special) to use_no_semi.o(.text) for __I$use$semihosting
    sys_wrch_hlt.o(.text) refers (Special) to indicate_semi.o(.text) for __semihosting_library_function
    defsig.o(CL$$defsig) refers to defsig_rtmem_inner.o(.text) for __rt_SIGRTMEM_inner
    defsig_abrt_inner.o(.text) refers to defsig_general.o(.text) for __default_signal_display
    defsig_fpe_inner.o(.text) refers to defsig_general.o(.text) for __default_signal_display
    defsig_rtred_inner.o(.text) refers to defsig_general.o(.text) for __default_signal_display
    defsig_stak_inner.o(.text) refers to defsig_general.o(.text) for __default_signal_display
    defsig_pvfn_inner.o(.text) refers to defsig_general.o(.text) for __default_signal_display
    defsig_cppl_inner.o(.text) refers to defsig_general.o(.text) for __default_signal_display
    defsig_segv_inner.o(.text) refers to defsig_general.o(.text) for __default_signal_display
    defsig_other.o(.text) refers to defsig_general.o(.text) for __default_signal_display


==============================================================================

Removing Unused input sections from the image.

    Removing main_3.o(.text), (0 bytes).
    Removing main_3.o(.ARM.exidx.text.main), (8 bytes).
    Removing main_3.o(.ARM.exidx.text.TIMER1A_IntHandler), (8 bytes).
    Removing main_3.o(.ARM.exidx.text.TIMER0A_IntHandler), (8 bytes).
    Removing main_3.o(.ARM.use_no_argv), (4 bytes).
    Removing nvic.o(.text), (0 bytes).
    Removing cpu.o(.text), (0 bytes).
    Removing cpu.o(.text.CPUcpsid), (12 bytes).
    Removing cpu.o(.ARM.exidx.text.CPUcpsid), (8 bytes).
    Removing cpu.o(.text.CPUprimask), (10 bytes).
    Removing cpu.o(.ARM.exidx.text.CPUprimask), (8 bytes).
    Removing cpu.o(.ARM.exidx.text.CPUcpsie), (8 bytes).
    Removing cpu.o(.text.CPUwfi), (6 bytes).
    Removing cpu.o(.ARM.exidx.text.CPUwfi), (8 bytes).
    Removing cpu.o(.text.CPUbasepriSet), (14 bytes).
    Removing cpu.o(.ARM.exidx.text.CPUbasepriSet), (8 bytes).
    Removing cpu.o(.text.CPUbasepriGet), (10 bytes).
    Removing cpu.o(.ARM.exidx.text.CPUbasepriGet), (8 bytes).
    Removing my_timer.o(.text), (0 bytes).
    Removing my_timer.o(.ARM.exidx.text.TimerEnable), (8 bytes).
    Removing my_timer.o(.ARM.exidx.text.TimerDisable), (8 bytes).
    Removing my_timer.o(.ARM.exidx.text.TimerConfigure), (8 bytes).
    Removing my_timer.o(.ARM.exidx.text.TimerPrescaleSet), (8 bytes).
    Removing my_timer.o(.ARM.exidx.text.TimerLoadSet), (8 bytes).
    Removing my_timer.o(.ARM.exidx.text.TimerIntEnable), (8 bytes).
    Removing my_timer.o(.ARM.exidx.text.TimerIntClear), (8 bytes).
    Removing my_timer.o(.ARM.exidx.text.TimerIntRegister), (8 bytes).
    Removing my_timer.o(.ARM.exidx.text._TimerIntNumberGet), (8 bytes).
    Removing my_gpio.o(.text), (0 bytes).
    Removing my_gpio.o(.ARM.exidx.text.GPIODirModeSet), (8 bytes).
    Removing my_gpio.o(.ARM.exidx.text.GPIOPinTypeGPIOOutput), (8 bytes).
    Removing my_gpio.o(.ARM.exidx.text.GPIOPadConfigSet), (8 bytes).
    Removing my_gpio.o(.text.GPIOPinConfigure), (108 bytes).
    Removing my_gpio.o(.ARM.exidx.text.GPIOPinConfigure), (8 bytes).
    Removing my_gpio.o(.ARM.exidx.text.GPIOPinWrite), (8 bytes).
    Removing my_gpio.o(.text.GPIOPinTypePWM), (40 bytes).
    Removing my_gpio.o(.ARM.exidx.text.GPIOPinTypePWM), (8 bytes).
    Removing my_gpio.o(.rodata.g_pui32GPIOBaseAddrs), (144 bytes).
    Removing my_interrupt.o(.text), (0 bytes).
    Removing my_interrupt.o(.ARM.exidx.text.IntEnable), (8 bytes).
    Removing my_interrupt.o(.ARM.exidx.text.IntRegister), (8 bytes).
    Removing my_interrupt.o(.ARM.exidx.text.IntMasterEnable), (8 bytes).
    Removing my_interrupt.o(.text.IntDisable), (160 bytes).
    Removing my_interrupt.o(.ARM.exidx.text.IntDisable), (8 bytes).
    Removing my_interrupt.o(.text.IntUnregister), (30 bytes).
    Removing my_interrupt.o(.ARM.exidx.text.IntUnregister), (8 bytes).
    Removing my_interrupt.o(.text._IntDefaultHandler), (4 bytes).
    Removing my_interrupt.o(.ARM.exidx.text._IntDefaultHandler), (8 bytes).
    Removing my_interrupt.o(.rodata.g_pui32Dii16Regs), (20 bytes).
    Removing my_sysctl.o(.text), (0 bytes).
    Removing my_sysctl.o(.ARM.exidx.text.SysCtlPeripheralEnable), (8 bytes).
    Removing my_sysctl.o(.text.SysCtlPeripheralReady), (38 bytes).
    Removing my_sysctl.o(.ARM.exidx.text.SysCtlPeripheralReady), (8 bytes).
    Removing my_sysctl.o(.text.SysCtlPWMClockSet), (28 bytes).
    Removing my_sysctl.o(.ARM.exidx.text.SysCtlPWMClockSet), (8 bytes).
    Removing pwm.o(.text), (0 bytes).
    Removing pwm.o(.text.PWMGenConfigure), (80 bytes).
    Removing pwm.o(.ARM.exidx.text.PWMGenConfigure), (8 bytes).
    Removing pwm.o(.text.PWMGenPeriodSet), (52 bytes).
    Removing pwm.o(.ARM.exidx.text.PWMGenPeriodSet), (8 bytes).
    Removing pwm.o(.text.PWMGenPeriodGet), (52 bytes).
    Removing pwm.o(.ARM.exidx.text.PWMGenPeriodGet), (8 bytes).
    Removing pwm.o(.text.PWMGenEnable), (22 bytes).
    Removing pwm.o(.ARM.exidx.text.PWMGenEnable), (8 bytes).
    Removing pwm.o(.text.PWMGenDisable), (22 bytes).
    Removing pwm.o(.ARM.exidx.text.PWMGenDisable), (8 bytes).
    Removing pwm.o(.text.PWMPulseWidthSet), (84 bytes).
    Removing pwm.o(.ARM.exidx.text.PWMPulseWidthSet), (8 bytes).
    Removing pwm.o(.text.PWMPulseWidthGet), (84 bytes).
    Removing pwm.o(.ARM.exidx.text.PWMPulseWidthGet), (8 bytes).
    Removing pwm.o(.text.PWMDeadBandEnable), (52 bytes).
    Removing pwm.o(.ARM.exidx.text.PWMDeadBandEnable), (8 bytes).
    Removing pwm.o(.text.PWMDeadBandDisable), (24 bytes).
    Removing pwm.o(.ARM.exidx.text.PWMDeadBandDisable), (8 bytes).
    Removing pwm.o(.text.PWMSyncUpdate), (16 bytes).
    Removing pwm.o(.ARM.exidx.text.PWMSyncUpdate), (8 bytes).
    Removing pwm.o(.text.PWMSyncTimeBase), (16 bytes).
    Removing pwm.o(.ARM.exidx.text.PWMSyncTimeBase), (8 bytes).
    Removing pwm.o(.text.PWMOutputState), (48 bytes).
    Removing pwm.o(.ARM.exidx.text.PWMOutputState), (8 bytes).
    Removing pwm.o(.text.PWMOutputInvert), (48 bytes).
    Removing pwm.o(.ARM.exidx.text.PWMOutputInvert), (8 bytes).
    Removing pwm.o(.text.PWMOutputFaultLevel), (48 bytes).
    Removing pwm.o(.ARM.exidx.text.PWMOutputFaultLevel), (8 bytes).
    Removing pwm.o(.text.PWMOutputFault), (48 bytes).
    Removing pwm.o(.ARM.exidx.text.PWMOutputFault), (8 bytes).
    Removing pwm.o(.text.PWMGenIntRegister), (38 bytes).
    Removing pwm.o(.ARM.exidx.text.PWMGenIntRegister), (8 bytes).
    Removing pwm.o(.text._PWMGenIntNumberGet), (534 bytes).
    Removing pwm.o(.ARM.exidx.text._PWMGenIntNumberGet), (8 bytes).
    Removing pwm.o(.text.PWMGenIntUnregister), (34 bytes).
    Removing pwm.o(.ARM.exidx.text.PWMGenIntUnregister), (8 bytes).
    Removing pwm.o(.text.PWMFaultIntRegister), (34 bytes).
    Removing pwm.o(.ARM.exidx.text.PWMFaultIntRegister), (8 bytes).
    Removing pwm.o(.text._PWMFaultIntNumberGet), (120 bytes).
    Removing pwm.o(.ARM.exidx.text._PWMFaultIntNumberGet), (8 bytes).
    Removing pwm.o(.text.PWMFaultIntUnregister), (30 bytes).
    Removing pwm.o(.ARM.exidx.text.PWMFaultIntUnregister), (8 bytes).
    Removing pwm.o(.text.PWMGenIntTrigEnable), (26 bytes).
    Removing pwm.o(.ARM.exidx.text.PWMGenIntTrigEnable), (8 bytes).
    Removing pwm.o(.text.PWMGenIntTrigDisable), (26 bytes).
    Removing pwm.o(.ARM.exidx.text.PWMGenIntTrigDisable), (8 bytes).
    Removing pwm.o(.text.PWMGenIntStatus), (50 bytes).
    Removing pwm.o(.ARM.exidx.text.PWMGenIntStatus), (8 bytes).
    Removing pwm.o(.text.PWMGenIntClear), (22 bytes).
    Removing pwm.o(.ARM.exidx.text.PWMGenIntClear), (8 bytes).
    Removing pwm.o(.text.PWMIntEnable), (20 bytes).
    Removing pwm.o(.ARM.exidx.text.PWMIntEnable), (8 bytes).
    Removing pwm.o(.text.PWMIntDisable), (20 bytes).
    Removing pwm.o(.ARM.exidx.text.PWMIntDisable), (8 bytes).
    Removing pwm.o(.text.PWMFaultIntClear), (16 bytes).
    Removing pwm.o(.ARM.exidx.text.PWMFaultIntClear), (8 bytes).
    Removing pwm.o(.text.PWMIntStatus), (40 bytes).
    Removing pwm.o(.ARM.exidx.text.PWMIntStatus), (8 bytes).
    Removing pwm.o(.text.PWMFaultIntClearExt), (16 bytes).
    Removing pwm.o(.ARM.exidx.text.PWMFaultIntClearExt), (8 bytes).
    Removing pwm.o(.text.PWMGenFaultConfigure), (38 bytes).
    Removing pwm.o(.ARM.exidx.text.PWMGenFaultConfigure), (8 bytes).
    Removing pwm.o(.text.PWMGenFaultTriggerSet), (44 bytes).
    Removing pwm.o(.ARM.exidx.text.PWMGenFaultTriggerSet), (8 bytes).
    Removing pwm.o(.text.PWMGenFaultTriggerGet), (44 bytes).
    Removing pwm.o(.ARM.exidx.text.PWMGenFaultTriggerGet), (8 bytes).
    Removing pwm.o(.text.PWMGenFaultStatus), (52 bytes).
    Removing pwm.o(.ARM.exidx.text.PWMGenFaultStatus), (8 bytes).
    Removing pwm.o(.text.PWMGenFaultClear), (52 bytes).
    Removing pwm.o(.ARM.exidx.text.PWMGenFaultClear), (8 bytes).
    Removing pwm.o(.text.PWMClockSet), (32 bytes).
    Removing pwm.o(.ARM.exidx.text.PWMClockSet), (8 bytes).
    Removing pwm.o(.text.PWMClockGet), (46 bytes).
    Removing pwm.o(.ARM.exidx.text.PWMClockGet), (8 bytes).
    Removing pwm.o(.text.PWMOutputUpdateMode), (112 bytes).
    Removing pwm.o(.ARM.exidx.text.PWMOutputUpdateMode), (8 bytes).
    Removing system_tm4c123.o(.text), (0 bytes).
    Removing system_tm4c123.o(.text.SystemCoreClockUpdate), (326 bytes).
    Removing system_tm4c123.o(.ARM.exidx.text.SystemCoreClockUpdate), (8 bytes).
    Removing system_tm4c123.o(.text.getOscClk), (360 bytes).
    Removing system_tm4c123.o(.ARM.exidx.text.getOscClk), (8 bytes).
    Removing system_tm4c123.o(.ARM.exidx.text.SystemInit), (8 bytes).
    Removing system_tm4c123.o(.data.SystemCoreClock), (4 bytes).

139 unused section(s) (total 4052 bytes) removed from the image.

==============================================================================

Image Symbol Table

    Local Symbols

    Symbol Name                              Value     Ov Type        Size  Object(Section)

    ../clib/angel/boardlib.s                 0x00000000   Number         0  boardinit1.o ABSOLUTE
    ../clib/angel/boardlib.s                 0x00000000   Number         0  boardinit2.o ABSOLUTE
    ../clib/angel/boardlib.s                 0x00000000   Number         0  boardinit3.o ABSOLUTE
    ../clib/angel/boardlib.s                 0x00000000   Number         0  boardshut.o ABSOLUTE
    ../clib/angel/dczerorl.s                 0x00000000   Number         0  __dczerorl.o ABSOLUTE
    ../clib/angel/handlers.s                 0x00000000   Number         0  __scatter_zi.o ABSOLUTE
    ../clib/angel/kernel.s                   0x00000000   Number         0  __rtentry.o ABSOLUTE
    ../clib/angel/kernel.s                   0x00000000   Number         0  __rtentry2.o ABSOLUTE
    ../clib/angel/kernel.s                   0x00000000   Number         0  __rtentry4.o ABSOLUTE
    ../clib/angel/kernel.s                   0x00000000   Number         0  rtexit.o ABSOLUTE
    ../clib/angel/kernel.s                   0x00000000   Number         0  rtexit2.o ABSOLUTE
    ../clib/angel/rt.s                       0x00000000   Number         0  rt_raise.o ABSOLUTE
    ../clib/angel/scatter.s                  0x00000000   Number         0  __scatter.o ABSOLUTE
    ../clib/angel/startup.s                  0x00000000   Number         0  __main.o ABSOLUTE
    ../clib/angel/sys.s                      0x00000000   Number         0  sys_stackheap_outer.o ABSOLUTE
    ../clib/angel/sys.s                      0x00000000   Number         0  libspace.o ABSOLUTE
    ../clib/angel/sys.s                      0x00000000   Number         0  use_no_semi.o ABSOLUTE
    ../clib/angel/sys.s                      0x00000000   Number         0  indicate_semi.o ABSOLUTE
    ../clib/angel/sysapp.c                   0x00000000   Number         0  sys_exit.o ABSOLUTE
    ../clib/angel/sysapp.c                   0x00000000   Number         0  sys_exit_hlt.o ABSOLUTE
    ../clib/angel/sysapp.c                   0x00000000   Number         0  sys_command.o ABSOLUTE
    ../clib/angel/sysapp.c                   0x00000000   Number         0  sys_command_hlt.o ABSOLUTE
    ../clib/angel/sysapp.c                   0x00000000   Number         0  sys_wrch.o ABSOLUTE
    ../clib/angel/sysapp.c                   0x00000000   Number         0  sys_wrch_hlt.o ABSOLUTE
    ../clib/armsys.c                         0x00000000   Number         0  argv_veneer.o ABSOLUTE
    ../clib/armsys.c                         0x00000000   Number         0  argv_veneer.o ABSOLUTE
    ../clib/armsys.c                         0x00000000   Number         0  _get_argv_nomalloc.o ABSOLUTE
    ../clib/armsys.c                         0x00000000   Number         0  no_argv.o ABSOLUTE
    ../clib/heapalloc.c                      0x00000000   Number         0  hrguard.o ABSOLUTE
    ../clib/heapaux.c                        0x00000000   Number         0  heapauxi.o ABSOLUTE
    ../clib/libinit.s                        0x00000000   Number         0  libinit.o ABSOLUTE
    ../clib/libinit.s                        0x00000000   Number         0  libinit2.o ABSOLUTE
    ../clib/libinit.s                        0x00000000   Number         0  libshutdown.o ABSOLUTE
    ../clib/libinit.s                        0x00000000   Number         0  libshutdown2.o ABSOLUTE
    ../clib/signal.c                         0x00000000   Number         0  defsig_rtmem_outer.o ABSOLUTE
    ../clib/signal.c                         0x00000000   Number         0  defsig_rtmem_formal.o ABSOLUTE
    ../clib/signal.c                         0x00000000   Number         0  defsig_exit.o ABSOLUTE
    ../clib/signal.c                         0x00000000   Number         0  defsig_rtmem_inner.o ABSOLUTE
    ../clib/signal.c                         0x00000000   Number         0  __raise.o ABSOLUTE
    ../clib/signal.c                         0x00000000   Number         0  defsig_general.o ABSOLUTE
    ../clib/signal.c                         0x00000000   Number         0  defsig_abrt_inner.o ABSOLUTE
    ../clib/signal.c                         0x00000000   Number         0  defsig_fpe_inner.o ABSOLUTE
    ../clib/signal.c                         0x00000000   Number         0  defsig_rtred_inner.o ABSOLUTE
    ../clib/signal.c                         0x00000000   Number         0  defsig_stak_inner.o ABSOLUTE
    ../clib/signal.c                         0x00000000   Number         0  defsig_pvfn_inner.o ABSOLUTE
    ../clib/signal.c                         0x00000000   Number         0  defsig_cppl_inner.o ABSOLUTE
    ../clib/signal.c                         0x00000000   Number         0  defsig_segv_inner.o ABSOLUTE
    ../clib/signal.c                         0x00000000   Number         0  defsig_other.o ABSOLUTE
    ../clib/signal.s                         0x00000000   Number         0  defsig.o ABSOLUTE
    ../clib/stdlib.c                         0x00000000   Number         0  exit.o ABSOLUTE
    ../fplib/fpinit.s                        0x00000000   Number         0  fpinit.o ABSOLUTE
    RTE/Device/TM4C123GH6PM/startup_TM4C123.s 0x00000000   Number         0  startup_tm4c123.o ABSOLUTE
    cpu.c                                    0x00000000   Number         0  cpu.o ABSOLUTE
    dc.s                                     0x00000000   Number         0  dc.o ABSOLUTE
    main_3.c                                 0x00000000   Number         0  main_3.o ABSOLUTE
    my_gpio.c                                0x00000000   Number         0  my_gpio.o ABSOLUTE
    my_interrupt.c                           0x00000000   Number         0  my_interrupt.o ABSOLUTE
    my_sysctl.c                              0x00000000   Number         0  my_sysctl.o ABSOLUTE
    my_timer.c                               0x00000000   Number         0  my_timer.o ABSOLUTE
    nvic.c                                   0x00000000   Number         0  nvic.o ABSOLUTE
    pwm.c                                    0x00000000   Number         0  pwm.o ABSOLUTE
    system_TM4C123.c                         0x00000000   Number         0  system_tm4c123.o ABSOLUTE
    RESET                                    0x00000000   Section      620  startup_tm4c123.o(RESET)
    !!!main                                  0x0000026c   Section        8  __main.o(!!!main)
    !!!scatter                               0x00000274   Section       52  __scatter.o(!!!scatter)
    !!dczerorl                               0x000002a8   Section       58  __dczerorl.o(!!dczerorl)
    !!handler_zi                             0x000002e4   Section       28  __scatter_zi.o(!!handler_zi)
    .ARM.Collect$$libinit$$00000000          0x00000300   Section        2  libinit.o(.ARM.Collect$$libinit$$00000000)
    .ARM.Collect$$libinit$$00000001          0x00000302   Section        4  libinit2.o(.ARM.Collect$$libinit$$00000001)
    .ARM.Collect$$libinit$$00000004          0x00000306   Section        0  libinit2.o(.ARM.Collect$$libinit$$00000004)
    .ARM.Collect$$libinit$$00000006          0x00000306   Section        0  libinit2.o(.ARM.Collect$$libinit$$00000006)
    .ARM.Collect$$libinit$$0000000C          0x00000306   Section        0  libinit2.o(.ARM.Collect$$libinit$$0000000C)
    .ARM.Collect$$libinit$$0000000E          0x00000306   Section        0  libinit2.o(.ARM.Collect$$libinit$$0000000E)
    .ARM.Collect$$libinit$$00000010          0x00000306   Section        0  libinit2.o(.ARM.Collect$$libinit$$00000010)
    .ARM.Collect$$libinit$$00000013          0x00000306   Section        0  libinit2.o(.ARM.Collect$$libinit$$00000013)
    .ARM.Collect$$libinit$$00000015          0x00000306   Section        0  libinit2.o(.ARM.Collect$$libinit$$00000015)
    .ARM.Collect$$libinit$$00000017          0x00000306   Section        0  libinit2.o(.ARM.Collect$$libinit$$00000017)
    .ARM.Collect$$libinit$$00000019          0x00000306   Section        0  libinit2.o(.ARM.Collect$$libinit$$00000019)
    .ARM.Collect$$libinit$$0000001B          0x00000306   Section        0  libinit2.o(.ARM.Collect$$libinit$$0000001B)
    .ARM.Collect$$libinit$$0000001D          0x00000306   Section        0  libinit2.o(.ARM.Collect$$libinit$$0000001D)
    .ARM.Collect$$libinit$$0000001F          0x00000306   Section        0  libinit2.o(.ARM.Collect$$libinit$$0000001F)
    .ARM.Collect$$libinit$$00000021          0x00000306   Section        0  libinit2.o(.ARM.Collect$$libinit$$00000021)
    .ARM.Collect$$libinit$$00000023          0x00000306   Section        0  libinit2.o(.ARM.Collect$$libinit$$00000023)
    .ARM.Collect$$libinit$$00000025          0x00000306   Section        0  libinit2.o(.ARM.Collect$$libinit$$00000025)
    .ARM.Collect$$libinit$$00000027          0x00000306   Section        0  libinit2.o(.ARM.Collect$$libinit$$00000027)
    .ARM.Collect$$libinit$$0000002E          0x00000306   Section        0  libinit2.o(.ARM.Collect$$libinit$$0000002E)
    .ARM.Collect$$libinit$$00000030          0x00000306   Section        0  libinit2.o(.ARM.Collect$$libinit$$00000030)
    .ARM.Collect$$libinit$$00000032          0x00000306   Section        0  libinit2.o(.ARM.Collect$$libinit$$00000032)
    .ARM.Collect$$libinit$$00000034          0x00000306   Section        0  libinit2.o(.ARM.Collect$$libinit$$00000034)
    .ARM.Collect$$libinit$$00000035          0x00000306   Section        2  libinit2.o(.ARM.Collect$$libinit$$00000035)
    .ARM.Collect$$libshutdown$$00000000      0x00000308   Section        2  libshutdown.o(.ARM.Collect$$libshutdown$$00000000)
    .ARM.Collect$$libshutdown$$00000002      0x0000030a   Section        0  libshutdown2.o(.ARM.Collect$$libshutdown$$00000002)
    .ARM.Collect$$libshutdown$$00000004      0x0000030a   Section        0  libshutdown2.o(.ARM.Collect$$libshutdown$$00000004)
    .ARM.Collect$$libshutdown$$00000007      0x0000030a   Section        0  libshutdown2.o(.ARM.Collect$$libshutdown$$00000007)
    .ARM.Collect$$libshutdown$$0000000A      0x0000030a   Section        0  libshutdown2.o(.ARM.Collect$$libshutdown$$0000000A)
    .ARM.Collect$$libshutdown$$0000000C      0x0000030a   Section        0  libshutdown2.o(.ARM.Collect$$libshutdown$$0000000C)
    .ARM.Collect$$libshutdown$$0000000F      0x0000030a   Section        0  libshutdown2.o(.ARM.Collect$$libshutdown$$0000000F)
    .ARM.Collect$$libshutdown$$00000010      0x0000030a   Section        2  libshutdown2.o(.ARM.Collect$$libshutdown$$00000010)
    .ARM.Collect$$rtentry$$00000000          0x0000030c   Section        0  __rtentry.o(.ARM.Collect$$rtentry$$00000000)
    .ARM.Collect$$rtentry$$00000002          0x0000030c   Section        0  __rtentry2.o(.ARM.Collect$$rtentry$$00000002)
    .ARM.Collect$$rtentry$$00000004          0x0000030c   Section        6  __rtentry4.o(.ARM.Collect$$rtentry$$00000004)
    .ARM.Collect$$rtentry$$00000009          0x00000312   Section        0  __rtentry2.o(.ARM.Collect$$rtentry$$00000009)
    .ARM.Collect$$rtentry$$0000000A          0x00000312   Section        4  __rtentry2.o(.ARM.Collect$$rtentry$$0000000A)
    .ARM.Collect$$rtentry$$0000000C          0x00000316   Section        0  __rtentry2.o(.ARM.Collect$$rtentry$$0000000C)
    .ARM.Collect$$rtentry$$0000000D          0x00000316   Section        8  __rtentry2.o(.ARM.Collect$$rtentry$$0000000D)
    .ARM.Collect$$rtexit$$00000000           0x0000031e   Section        2  rtexit.o(.ARM.Collect$$rtexit$$00000000)
    .ARM.Collect$$rtexit$$00000002           0x00000320   Section        0  rtexit2.o(.ARM.Collect$$rtexit$$00000002)
    .ARM.Collect$$rtexit$$00000003           0x00000320   Section        4  rtexit2.o(.ARM.Collect$$rtexit$$00000003)
    .ARM.Collect$$rtexit$$00000004           0x00000324   Section        6  rtexit2.o(.ARM.Collect$$rtexit$$00000004)
    $v0                                      0x0000032c   Number         0  startup_tm4c123.o(.text)
    .text                                    0x0000032c   Section      276  startup_tm4c123.o(.text)
    .text                                    0x00000440   Section        0  heapauxi.o(.text)
    .text                                    0x00000446   Section       74  sys_stackheap_outer.o(.text)
    .text                                    0x00000490   Section        0  exit.o(.text)
    .text                                    0x000004a4   Section        8  libspace.o(.text)
    .text                                    0x000004ac   Section        0  sys_exit.o(.text)
    .text                                    0x000004b8   Section        2  use_no_semi.o(.text)
    .text                                    0x000004ba   Section        0  indicate_semi.o(.text)
    [Anonymous Symbol]                       0x000004bc   Section        0  cpu.o(.text.CPUcpsie)
    [Anonymous Symbol]                       0x000004c8   Section        0  my_gpio.o(.text.GPIODirModeSet)
    [Anonymous Symbol]                       0x0000053c   Section        0  my_gpio.o(.text.GPIOPadConfigSet)
    [Anonymous Symbol]                       0x00000818   Section        0  my_gpio.o(.text.GPIOPinTypeGPIOOutput)
    [Anonymous Symbol]                       0x00000844   Section        0  my_gpio.o(.text.GPIOPinWrite)
    [Anonymous Symbol]                       0x00000864   Section        0  my_interrupt.o(.text.IntEnable)
    [Anonymous Symbol]                       0x00000904   Section        0  my_interrupt.o(.text.IntMasterEnable)
    [Anonymous Symbol]                       0x00000914   Section        0  my_interrupt.o(.text.IntRegister)
    [Anonymous Symbol]                       0x00000994   Section        0  my_sysctl.o(.text.SysCtlPeripheralEnable)
    [Anonymous Symbol]                       0x000009b8   Section        0  system_tm4c123.o(.text.SystemInit)
    [Anonymous Symbol]                       0x00000ac4   Section        0  main_3.o(.text.TIMER0A_IntHandler)
    [Anonymous Symbol]                       0x00000af4   Section        0  main_3.o(.text.TIMER1A_IntHandler)
    [Anonymous Symbol]                       0x00000b34   Section        0  my_timer.o(.text.TimerConfigure)
    [Anonymous Symbol]                       0x00000bb4   Section        0  my_timer.o(.text.TimerDisable)
    [Anonymous Symbol]                       0x00000bd4   Section        0  my_timer.o(.text.TimerEnable)
    [Anonymous Symbol]                       0x00000bf0   Section        0  my_timer.o(.text.TimerIntClear)
    [Anonymous Symbol]                       0x00000c00   Section        0  my_timer.o(.text.TimerIntEnable)
    [Anonymous Symbol]                       0x00000c14   Section        0  my_timer.o(.text.TimerIntRegister)
    [Anonymous Symbol]                       0x00000c3c   Section        0  my_timer.o(.text.TimerLoadSet)
    [Anonymous Symbol]                       0x00000c68   Section        0  my_timer.o(.text.TimerPrescaleSet)
    _TimerIntNumberGet                       0x00000c95   Thumb Code   110  my_timer.o(.text._TimerIntNumberGet)
    [Anonymous Symbol]                       0x00000c94   Section        0  my_timer.o(.text._TimerIntNumberGet)
    [Anonymous Symbol]                       0x00000d04   Section        0  main_3.o(.text.main)
    $v0                                      0x00000e0e   Number         0  fpinit.o(x$fpl$fpinit)
    x$fpl$fpinit                             0x00000e0e   Section       26  fpinit.o(x$fpl$fpinit)
    g_ppui32TimerIntMap                      0x00000e28   Data          96  my_timer.o(.rodata.g_ppui32TimerIntMap)
    [Anonymous Symbol]                       0x00000e28   Section        0  my_timer.o(.rodata.g_ppui32TimerIntMap)
    g_pui32EnRegs                            0x00000e88   Data          20  my_interrupt.o(.rodata.g_pui32EnRegs)
    [Anonymous Symbol]                       0x00000e88   Section        0  my_interrupt.o(.rodata.g_pui32EnRegs)
    g_pfnRAMVectors                          0x20000000   Data         620  my_interrupt.o(vtable)
    [Anonymous Symbol]                       0x20000000   Section        0  my_interrupt.o(vtable)
    .bss                                     0x20000270   Section       96  libspace.o(.bss)
    Heap_Mem                                 0x200002d0   Data           0  startup_tm4c123.o(HEAP)
    Stack_Mem                                0x200002d0   Data         512  startup_tm4c123.o(STACK)
    HEAP                                     0x200002d0   Section        0  startup_tm4c123.o(HEAP)
    STACK                                    0x200002d0   Section      512  startup_tm4c123.o(STACK)
    __initial_sp                             0x200004d0   Data           0  startup_tm4c123.o(STACK)

    Global Symbols

    Symbol Name                              Value     Ov Type        Size  Object(Section)

    BuildAttributes$$THM_ISAv4$E$P$D$K$B$S$7EM$VFPi3$EXTD16$VFPS$VFMA$PE$A:L22UL41UL21$X:L11$S22US41US21$IEEE1$IW$~IW$USESV6$~STKCKD$USESV7$~SHL$OSPACE$ROPI$EBA8$UX$STANDARDLIB$REQ8$PRES8$EABIv2 0x00000000   Number         0  anon$$obj.o ABSOLUTE
    __Vectors                                0x00000000   Data           4  startup_tm4c123.o(RESET)
    __ARM_exceptions_init                     - Undefined Weak Reference
    __alloca_initialize                       - Undefined Weak Reference
    __arm_preinit_                            - Undefined Weak Reference
    __arm_relocate_pie_                       - Undefined Weak Reference
    __cpp_initialize__aeabi_                  - Undefined Weak Reference
    __cxa_finalize                            - Undefined Weak Reference
    __rt_locale                               - Undefined Weak Reference
    __sigvec_lookup                           - Undefined Weak Reference
    _atexit_init                              - Undefined Weak Reference
    _call_atexit_fns                          - Undefined Weak Reference
    _clock_init                               - Undefined Weak Reference
    _fp_trap_init                             - Undefined Weak Reference
    _fp_trap_shutdown                         - Undefined Weak Reference
    _get_lc_collate                           - Undefined Weak Reference
    _get_lc_ctype                             - Undefined Weak Reference
    _get_lc_monetary                          - Undefined Weak Reference
    _get_lc_numeric                           - Undefined Weak Reference
    _get_lc_time                              - Undefined Weak Reference
    _getenv_init                              - Undefined Weak Reference
    _handle_redirection                       - Undefined Weak Reference
    _init_alloc                               - Undefined Weak Reference
    _init_user_alloc                          - Undefined Weak Reference
    _initio                                   - Undefined Weak Reference
    _rand_init                                - Undefined Weak Reference
    _signal_finish                            - Undefined Weak Reference
    _signal_init                              - Undefined Weak Reference
    _terminate_alloc                          - Undefined Weak Reference
    _terminate_user_alloc                     - Undefined Weak Reference
    _terminateio                              - Undefined Weak Reference
    __Vectors_End                            0x0000026c   Data           0  startup_tm4c123.o(RESET)
    __Vectors_Size                           0x0000026c   Number         0  startup_tm4c123.o ABSOLUTE
    __main                                   0x0000026d   Thumb Code     8  __main.o(!!!main)
    __scatterload                            0x00000275   Thumb Code     0  __scatter.o(!!!scatter)
    __scatterload_rt2                        0x00000275   Thumb Code    44  __scatter.o(!!!scatter)
    __scatterload_rt2_thumb_only             0x00000275   Thumb Code     0  __scatter.o(!!!scatter)
    __scatterload_null                       0x00000283   Thumb Code     0  __scatter.o(!!!scatter)
    __decompress                             0x000002a9   Thumb Code    58  __dczerorl.o(!!dczerorl)
    __decompress0                            0x000002a9   Thumb Code     0  __dczerorl.o(!!dczerorl)
    __scatterload_zeroinit                   0x000002e5   Thumb Code    28  __scatter_zi.o(!!handler_zi)
    __rt_lib_init                            0x00000301   Thumb Code     0  libinit.o(.ARM.Collect$$libinit$$00000000)
    __rt_lib_init_fp_1                       0x00000303   Thumb Code     0  libinit2.o(.ARM.Collect$$libinit$$00000001)
    __rt_lib_init_alloca_1                   0x00000307   Thumb Code     0  libinit2.o(.ARM.Collect$$libinit$$00000030)
    __rt_lib_init_argv_1                     0x00000307   Thumb Code     0  libinit2.o(.ARM.Collect$$libinit$$0000002E)
    __rt_lib_init_atexit_1                   0x00000307   Thumb Code     0  libinit2.o(.ARM.Collect$$libinit$$0000001D)
    __rt_lib_init_clock_1                    0x00000307   Thumb Code     0  libinit2.o(.ARM.Collect$$libinit$$00000023)
    __rt_lib_init_cpp_1                      0x00000307   Thumb Code     0  libinit2.o(.ARM.Collect$$libinit$$00000034)
    __rt_lib_init_exceptions_1               0x00000307   Thumb Code     0  libinit2.o(.ARM.Collect$$libinit$$00000032)
    __rt_lib_init_fp_trap_1                  0x00000307   Thumb Code     0  libinit2.o(.ARM.Collect$$libinit$$00000021)
    __rt_lib_init_getenv_1                   0x00000307   Thumb Code     0  libinit2.o(.ARM.Collect$$libinit$$00000025)
    __rt_lib_init_heap_1                     0x00000307   Thumb Code     0  libinit2.o(.ARM.Collect$$libinit$$0000000C)
    __rt_lib_init_lc_collate_1               0x00000307   Thumb Code     0  libinit2.o(.ARM.Collect$$libinit$$00000013)
    __rt_lib_init_lc_ctype_1                 0x00000307   Thumb Code     0  libinit2.o(.ARM.Collect$$libinit$$00000015)
    __rt_lib_init_lc_monetary_1              0x00000307   Thumb Code     0  libinit2.o(.ARM.Collect$$libinit$$00000017)
    __rt_lib_init_lc_numeric_1               0x00000307   Thumb Code     0  libinit2.o(.ARM.Collect$$libinit$$00000019)
    __rt_lib_init_lc_time_1                  0x00000307   Thumb Code     0  libinit2.o(.ARM.Collect$$libinit$$0000001B)
    __rt_lib_init_preinit_1                  0x00000307   Thumb Code     0  libinit2.o(.ARM.Collect$$libinit$$00000006)
    __rt_lib_init_rand_1                     0x00000307   Thumb Code     0  libinit2.o(.ARM.Collect$$libinit$$00000010)
    __rt_lib_init_relocate_pie_1             0x00000307   Thumb Code     0  libinit2.o(.ARM.Collect$$libinit$$00000004)
    __rt_lib_init_return                     0x00000307   Thumb Code     0  libinit2.o(.ARM.Collect$$libinit$$00000035)
    __rt_lib_init_signal_1                   0x00000307   Thumb Code     0  libinit2.o(.ARM.Collect$$libinit$$0000001F)
    __rt_lib_init_stdio_1                    0x00000307   Thumb Code     0  libinit2.o(.ARM.Collect$$libinit$$00000027)
    __rt_lib_init_user_alloc_1               0x00000307   Thumb Code     0  libinit2.o(.ARM.Collect$$libinit$$0000000E)
    __rt_lib_shutdown                        0x00000309   Thumb Code     0  libshutdown.o(.ARM.Collect$$libshutdown$$00000000)
    __rt_lib_shutdown_cpp_1                  0x0000030b   Thumb Code     0  libshutdown2.o(.ARM.Collect$$libshutdown$$00000002)
    __rt_lib_shutdown_fp_trap_1              0x0000030b   Thumb Code     0  libshutdown2.o(.ARM.Collect$$libshutdown$$00000007)
    __rt_lib_shutdown_heap_1                 0x0000030b   Thumb Code     0  libshutdown2.o(.ARM.Collect$$libshutdown$$0000000F)
    __rt_lib_shutdown_return                 0x0000030b   Thumb Code     0  libshutdown2.o(.ARM.Collect$$libshutdown$$00000010)
    __rt_lib_shutdown_signal_1               0x0000030b   Thumb Code     0  libshutdown2.o(.ARM.Collect$$libshutdown$$0000000A)
    __rt_lib_shutdown_stdio_1                0x0000030b   Thumb Code     0  libshutdown2.o(.ARM.Collect$$libshutdown$$00000004)
    __rt_lib_shutdown_user_alloc_1           0x0000030b   Thumb Code     0  libshutdown2.o(.ARM.Collect$$libshutdown$$0000000C)
    __rt_entry                               0x0000030d   Thumb Code     0  __rtentry.o(.ARM.Collect$$rtentry$$00000000)
    __rt_entry_presh_1                       0x0000030d   Thumb Code     0  __rtentry2.o(.ARM.Collect$$rtentry$$00000002)
    __rt_entry_sh                            0x0000030d   Thumb Code     0  __rtentry4.o(.ARM.Collect$$rtentry$$00000004)
    __rt_entry_li                            0x00000313   Thumb Code     0  __rtentry2.o(.ARM.Collect$$rtentry$$0000000A)
    __rt_entry_postsh_1                      0x00000313   Thumb Code     0  __rtentry2.o(.ARM.Collect$$rtentry$$00000009)
    __rt_entry_main                          0x00000317   Thumb Code     0  __rtentry2.o(.ARM.Collect$$rtentry$$0000000D)
    __rt_entry_postli_1                      0x00000317   Thumb Code     0  __rtentry2.o(.ARM.Collect$$rtentry$$0000000C)
    __rt_exit                                0x0000031f   Thumb Code     0  rtexit.o(.ARM.Collect$$rtexit$$00000000)
    __rt_exit_ls                             0x00000321   Thumb Code     0  rtexit2.o(.ARM.Collect$$rtexit$$00000003)
    __rt_exit_prels_1                        0x00000321   Thumb Code     0  rtexit2.o(.ARM.Collect$$rtexit$$00000002)
    __rt_exit_exit                           0x00000325   Thumb Code     0  rtexit2.o(.ARM.Collect$$rtexit$$00000004)
    Reset_Handler                            0x0000032d   Thumb Code     8  startup_tm4c123.o(.text)
    NMI_Handler                              0x00000335   Thumb Code     2  startup_tm4c123.o(.text)
    HardFault_Handler                        0x00000337   Thumb Code     2  startup_tm4c123.o(.text)
    MemManage_Handler                        0x00000339   Thumb Code     2  startup_tm4c123.o(.text)
    BusFault_Handler                         0x0000033b   Thumb Code     2  startup_tm4c123.o(.text)
    UsageFault_Handler                       0x0000033d   Thumb Code     2  startup_tm4c123.o(.text)
    SVC_Handler                              0x0000033f   Thumb Code     2  startup_tm4c123.o(.text)
    DebugMon_Handler                         0x00000341   Thumb Code     2  startup_tm4c123.o(.text)
    PendSV_Handler                           0x00000343   Thumb Code     2  startup_tm4c123.o(.text)
    SysTick_Handler                          0x00000345   Thumb Code     2  startup_tm4c123.o(.text)
    GPIOA_Handler                            0x00000347   Thumb Code     2  startup_tm4c123.o(.text)
    GPIOB_Handler                            0x00000349   Thumb Code     2  startup_tm4c123.o(.text)
    GPIOC_Handler                            0x0000034b   Thumb Code     2  startup_tm4c123.o(.text)
    GPIOD_Handler                            0x0000034d   Thumb Code     2  startup_tm4c123.o(.text)
    GPIOE_Handler                            0x0000034f   Thumb Code     2  startup_tm4c123.o(.text)
    UART0_Handler                            0x00000351   Thumb Code     2  startup_tm4c123.o(.text)
    UART1_Handler                            0x00000353   Thumb Code     2  startup_tm4c123.o(.text)
    SSI0_Handler                             0x00000355   Thumb Code     2  startup_tm4c123.o(.text)
    I2C0_Handler                             0x00000357   Thumb Code     2  startup_tm4c123.o(.text)
    PMW0_FAULT_Handler                       0x00000359   Thumb Code     2  startup_tm4c123.o(.text)
    PWM0_0_Handler                           0x0000035b   Thumb Code     2  startup_tm4c123.o(.text)
    PWM0_1_Handler                           0x0000035d   Thumb Code     2  startup_tm4c123.o(.text)
    PWM0_2_Handler                           0x0000035f   Thumb Code     2  startup_tm4c123.o(.text)
    QEI0_Handler                             0x00000361   Thumb Code     2  startup_tm4c123.o(.text)
    ADC0SS0_Handler                          0x00000363   Thumb Code     2  startup_tm4c123.o(.text)
    ADC0SS1_Handler                          0x00000365   Thumb Code     2  startup_tm4c123.o(.text)
    ADC0SS2_Handler                          0x00000367   Thumb Code     2  startup_tm4c123.o(.text)
    ADC0SS3_Handler                          0x00000369   Thumb Code     2  startup_tm4c123.o(.text)
    WDT0_Handler                             0x0000036b   Thumb Code     2  startup_tm4c123.o(.text)
    TIMER0A_Handler                          0x0000036d   Thumb Code     2  startup_tm4c123.o(.text)
    TIMER0B_Handler                          0x0000036f   Thumb Code     2  startup_tm4c123.o(.text)
    TIMER1A_Handler                          0x00000371   Thumb Code     2  startup_tm4c123.o(.text)
    TIMER1B_Handler                          0x00000373   Thumb Code     2  startup_tm4c123.o(.text)
    TIMER2A_Handler                          0x00000375   Thumb Code     2  startup_tm4c123.o(.text)
    TIMER2B_Handler                          0x00000377   Thumb Code     2  startup_tm4c123.o(.text)
    COMP0_Handler                            0x00000379   Thumb Code     2  startup_tm4c123.o(.text)
    COMP1_Handler                            0x0000037b   Thumb Code     2  startup_tm4c123.o(.text)
    COMP2_Handler                            0x0000037d   Thumb Code     2  startup_tm4c123.o(.text)
    SYSCTL_Handler                           0x0000037f   Thumb Code     2  startup_tm4c123.o(.text)
    FLASH_Handler                            0x00000381   Thumb Code     2  startup_tm4c123.o(.text)
    GPIOF_Handler                            0x00000383   Thumb Code     2  startup_tm4c123.o(.text)
    GPIOG_Handler                            0x00000385   Thumb Code     2  startup_tm4c123.o(.text)
    GPIOH_Handler                            0x00000387   Thumb Code     2  startup_tm4c123.o(.text)
    UART2_Handler                            0x00000389   Thumb Code     2  startup_tm4c123.o(.text)
    SSI1_Handler                             0x0000038b   Thumb Code     2  startup_tm4c123.o(.text)
    TIMER3A_Handler                          0x0000038d   Thumb Code     2  startup_tm4c123.o(.text)
    TIMER3B_Handler                          0x0000038f   Thumb Code     2  startup_tm4c123.o(.text)
    I2C1_Handler                             0x00000391   Thumb Code     2  startup_tm4c123.o(.text)
    QEI1_Handler                             0x00000393   Thumb Code     2  startup_tm4c123.o(.text)
    CAN0_Handler                             0x00000395   Thumb Code     2  startup_tm4c123.o(.text)
    CAN1_Handler                             0x00000397   Thumb Code     2  startup_tm4c123.o(.text)
    CAN2_Handler                             0x00000399   Thumb Code     2  startup_tm4c123.o(.text)
    HIB_Handler                              0x0000039b   Thumb Code     2  startup_tm4c123.o(.text)
    USB0_Handler                             0x0000039d   Thumb Code     2  startup_tm4c123.o(.text)
    PWM0_3_Handler                           0x0000039f   Thumb Code     2  startup_tm4c123.o(.text)
    UDMA_Handler                             0x000003a1   Thumb Code     2  startup_tm4c123.o(.text)
    UDMAERR_Handler                          0x000003a3   Thumb Code     2  startup_tm4c123.o(.text)
    ADC1SS0_Handler                          0x000003a5   Thumb Code     2  startup_tm4c123.o(.text)
    ADC1SS1_Handler                          0x000003a7   Thumb Code     2  startup_tm4c123.o(.text)
    ADC1SS2_Handler                          0x000003a9   Thumb Code     2  startup_tm4c123.o(.text)
    ADC1SS3_Handler                          0x000003ab   Thumb Code     2  startup_tm4c123.o(.text)
    GPIOJ_Handler                            0x000003ad   Thumb Code     2  startup_tm4c123.o(.text)
    GPIOK_Handler                            0x000003af   Thumb Code     2  startup_tm4c123.o(.text)
    GPIOL_Handler                            0x000003b1   Thumb Code     2  startup_tm4c123.o(.text)
    SSI2_Handler                             0x000003b3   Thumb Code     2  startup_tm4c123.o(.text)
    SSI3_Handler                             0x000003b5   Thumb Code     2  startup_tm4c123.o(.text)
    UART3_Handler                            0x000003b7   Thumb Code     2  startup_tm4c123.o(.text)
    UART4_Handler                            0x000003b9   Thumb Code     2  startup_tm4c123.o(.text)
    UART5_Handler                            0x000003bb   Thumb Code     2  startup_tm4c123.o(.text)
    UART6_Handler                            0x000003bd   Thumb Code     2  startup_tm4c123.o(.text)
    UART7_Handler                            0x000003bf   Thumb Code     2  startup_tm4c123.o(.text)
    I2C2_Handler                             0x000003c1   Thumb Code     2  startup_tm4c123.o(.text)
    I2C3_Handler                             0x000003c3   Thumb Code     2  startup_tm4c123.o(.text)
    TIMER4A_Handler                          0x000003c5   Thumb Code     2  startup_tm4c123.o(.text)
    TIMER4B_Handler                          0x000003c7   Thumb Code     2  startup_tm4c123.o(.text)
    TIMER5A_Handler                          0x000003c9   Thumb Code     2  startup_tm4c123.o(.text)
    TIMER5B_Handler                          0x000003cb   Thumb Code     2  startup_tm4c123.o(.text)
    WTIMER0A_Handler                         0x000003cd   Thumb Code     2  startup_tm4c123.o(.text)
    WTIMER0B_Handler                         0x000003cf   Thumb Code     2  startup_tm4c123.o(.text)
    WTIMER1A_Handler                         0x000003d1   Thumb Code     2  startup_tm4c123.o(.text)
    WTIMER1B_Handler                         0x000003d3   Thumb Code     2  startup_tm4c123.o(.text)
    WTIMER2A_Handler                         0x000003d5   Thumb Code     2  startup_tm4c123.o(.text)
    WTIMER2B_Handler                         0x000003d7   Thumb Code     2  startup_tm4c123.o(.text)
    WTIMER3A_Handler                         0x000003d9   Thumb Code     2  startup_tm4c123.o(.text)
    WTIMER3B_Handler                         0x000003db   Thumb Code     2  startup_tm4c123.o(.text)
    WTIMER4A_Handler                         0x000003dd   Thumb Code     2  startup_tm4c123.o(.text)
    WTIMER4B_Handler                         0x000003df   Thumb Code     2  startup_tm4c123.o(.text)
    WTIMER5A_Handler                         0x000003e1   Thumb Code     2  startup_tm4c123.o(.text)
    WTIMER5B_Handler                         0x000003e3   Thumb Code     2  startup_tm4c123.o(.text)
    FPU_Handler                              0x000003e5   Thumb Code     2  startup_tm4c123.o(.text)
    I2C4_Handler                             0x000003e7   Thumb Code     2  startup_tm4c123.o(.text)
    I2C5_Handler                             0x000003e9   Thumb Code     2  startup_tm4c123.o(.text)
    GPIOM_Handler                            0x000003eb   Thumb Code     2  startup_tm4c123.o(.text)
    GPION_Handler                            0x000003ed   Thumb Code     2  startup_tm4c123.o(.text)
    QEI2_Handler                             0x000003ef   Thumb Code     2  startup_tm4c123.o(.text)
    GPIOP0_Handler                           0x000003f1   Thumb Code     2  startup_tm4c123.o(.text)
    GPIOP1_Handler                           0x000003f3   Thumb Code     2  startup_tm4c123.o(.text)
    GPIOP2_Handler                           0x000003f5   Thumb Code     2  startup_tm4c123.o(.text)
    GPIOP3_Handler                           0x000003f7   Thumb Code     2  startup_tm4c123.o(.text)
    GPIOP4_Handler                           0x000003f9   Thumb Code     2  startup_tm4c123.o(.text)
    GPIOP5_Handler                           0x000003fb   Thumb Code     2  startup_tm4c123.o(.text)
    GPIOP6_Handler                           0x000003fd   Thumb Code     2  startup_tm4c123.o(.text)
    GPIOP7_Handler                           0x000003ff   Thumb Code     2  startup_tm4c123.o(.text)
    GPIOQ0_Handler                           0x00000401   Thumb Code     2  startup_tm4c123.o(.text)
    GPIOQ1_Handler                           0x00000403   Thumb Code     2  startup_tm4c123.o(.text)
    GPIOQ2_Handler                           0x00000405   Thumb Code     2  startup_tm4c123.o(.text)
    GPIOQ3_Handler                           0x00000407   Thumb Code     2  startup_tm4c123.o(.text)
    GPIOQ4_Handler                           0x00000409   Thumb Code     2  startup_tm4c123.o(.text)
    GPIOQ5_Handler                           0x0000040b   Thumb Code     2  startup_tm4c123.o(.text)
    GPIOQ6_Handler                           0x0000040d   Thumb Code     2  startup_tm4c123.o(.text)
    GPIOQ7_Handler                           0x0000040f   Thumb Code     2  startup_tm4c123.o(.text)
    GPIOR_Handler                            0x00000411   Thumb Code     2  startup_tm4c123.o(.text)
    GPIOS_Handler                            0x00000413   Thumb Code     2  startup_tm4c123.o(.text)
    PMW1_0_Handler                           0x00000415   Thumb Code     2  startup_tm4c123.o(.text)
    PWM1_1_Handler                           0x00000417   Thumb Code     2  startup_tm4c123.o(.text)
    PWM1_2_Handler                           0x00000419   Thumb Code     2  startup_tm4c123.o(.text)
    PWM1_3_Handler                           0x0000041b   Thumb Code     2  startup_tm4c123.o(.text)
    PWM1_FAULT_Handler                       0x0000041d   Thumb Code     2  startup_tm4c123.o(.text)
    __user_initial_stackheap                 0x00000421   Thumb Code     0  startup_tm4c123.o(.text)
    __use_two_region_memory                  0x00000441   Thumb Code     2  heapauxi.o(.text)
    __rt_heap_escrow$2region                 0x00000443   Thumb Code     2  heapauxi.o(.text)
    __rt_heap_expand$2region                 0x00000445   Thumb Code     2  heapauxi.o(.text)
    __user_setup_stackheap                   0x00000447   Thumb Code    74  sys_stackheap_outer.o(.text)
    exit                                     0x00000491   Thumb Code    18  exit.o(.text)
    __user_libspace                          0x000004a5   Thumb Code     8  libspace.o(.text)
    __user_perproc_libspace                  0x000004a5   Thumb Code     0  libspace.o(.text)
    __user_perthread_libspace                0x000004a5   Thumb Code     0  libspace.o(.text)
    _sys_exit                                0x000004ad   Thumb Code     8  sys_exit.o(.text)
    __I$use$semihosting                      0x000004b9   Thumb Code     0  use_no_semi.o(.text)
    __use_no_semihosting_swi                 0x000004b9   Thumb Code     2  use_no_semi.o(.text)
    __semihosting_library_function           0x000004bb   Thumb Code     0  indicate_semi.o(.text)
    CPUcpsie                                 0x000004bd   Thumb Code    12  cpu.o(.text.CPUcpsie)
    GPIODirModeSet                           0x000004c9   Thumb Code   116  my_gpio.o(.text.GPIODirModeSet)
    GPIOPadConfigSet                         0x0000053d   Thumb Code   730  my_gpio.o(.text.GPIOPadConfigSet)
    GPIOPinTypeGPIOOutput                    0x00000819   Thumb Code    42  my_gpio.o(.text.GPIOPinTypeGPIOOutput)
    GPIOPinWrite                             0x00000845   Thumb Code    30  my_gpio.o(.text.GPIOPinWrite)
    IntEnable                                0x00000865   Thumb Code   160  my_interrupt.o(.text.IntEnable)
    IntMasterEnable                          0x00000905   Thumb Code    14  my_interrupt.o(.text.IntMasterEnable)
    IntRegister                              0x00000915   Thumb Code   128  my_interrupt.o(.text.IntRegister)
    SysCtlPeripheralEnable                   0x00000995   Thumb Code    34  my_sysctl.o(.text.SysCtlPeripheralEnable)
    SystemInit                               0x000009b9   Thumb Code   268  system_tm4c123.o(.text.SystemInit)
    TIMER0A_IntHandler                       0x00000ac5   Thumb Code    46  main_3.o(.text.TIMER0A_IntHandler)
    TIMER1A_IntHandler                       0x00000af5   Thumb Code    62  main_3.o(.text.TIMER1A_IntHandler)
    TimerConfigure                           0x00000b35   Thumb Code   126  my_timer.o(.text.TimerConfigure)
    TimerDisable                             0x00000bb5   Thumb Code    32  my_timer.o(.text.TimerDisable)
    TimerEnable                              0x00000bd5   Thumb Code    28  my_timer.o(.text.TimerEnable)
    TimerIntClear                            0x00000bf1   Thumb Code    16  my_timer.o(.text.TimerIntClear)
    TimerIntEnable                           0x00000c01   Thumb Code    20  my_timer.o(.text.TimerIntEnable)
    TimerIntRegister                         0x00000c15   Thumb Code    38  my_timer.o(.text.TimerIntRegister)
    TimerLoadSet                             0x00000c3d   Thumb Code    44  my_timer.o(.text.TimerLoadSet)
    TimerPrescaleSet                         0x00000c69   Thumb Code    44  my_timer.o(.text.TimerPrescaleSet)
    main                                     0x00000d05   Thumb Code   266  main_3.o(.text.main)
    _fp_init                                 0x00000e0f   Thumb Code    26  fpinit.o(x$fpl$fpinit)
    __fplib_config_fpu_vfp                   0x00000e27   Thumb Code     0  fpinit.o(x$fpl$fpinit)
    __fplib_config_pureend_doubles           0x00000e27   Thumb Code     0  fpinit.o(x$fpl$fpinit)
    Region$$Table$$Base                      0x00000e9c   Number         0  anon$$obj.o(Region$$Table)
    Region$$Table$$Limit                     0x00000ebc   Number         0  anon$$obj.o(Region$$Table)
    __libspace_start                         0x20000270   Data          96  libspace.o(.bss)
    __temporary_stack_top$libspace           0x200002d0   Data           0  libspace.o(.bss)



==============================================================================

Memory Map of the image

  Image Entry point : 0x0000032d

  Load Region LR_1 (Base: 0x00000000, Size: 0x0000126c, Max: 0xffffffff, ABSOLUTE, COMPRESSED[0x00001008])

    Execution Region ER_RO (Exec base: 0x00000000, Load base: 0x00000000, Size: 0x00000ebc, Max: 0xffffffff, ABSOLUTE)

    Exec Addr    Load Addr    Size         Type   Attr      Idx    E Section Name        Object

    0x00000000   0x00000000   0x0000026c   Data   RO          201    RESET               startup_tm4c123.o
    0x0000026c   0x0000026c   0x00000008   Code   RO          226  * !!!main             c_w.l(__main.o)
    0x00000274   0x00000274   0x00000034   Code   RO          393    !!!scatter          c_w.l(__scatter.o)
    0x000002a8   0x000002a8   0x0000003a   Code   RO          391    !!dczerorl          c_w.l(__dczerorl.o)
    0x000002e2   0x000002e2   0x00000002   PAD
    0x000002e4   0x000002e4   0x0000001c   Code   RO          395    !!handler_zi        c_w.l(__scatter_zi.o)
    0x00000300   0x00000300   0x00000002   Code   RO          253    .ARM.Collect$$libinit$$00000000  c_w.l(libinit.o)
    0x00000302   0x00000302   0x00000004   Code   RO          259    .ARM.Collect$$libinit$$00000001  c_w.l(libinit2.o)
    0x00000306   0x00000306   0x00000000   Code   RO          262    .ARM.Collect$$libinit$$00000004  c_w.l(libinit2.o)
    0x00000306   0x00000306   0x00000000   Code   RO          264    .ARM.Collect$$libinit$$00000006  c_w.l(libinit2.o)
    0x00000306   0x00000306   0x00000000   Code   RO          267    .ARM.Collect$$libinit$$0000000C  c_w.l(libinit2.o)
    0x00000306   0x00000306   0x00000000   Code   RO          269    .ARM.Collect$$libinit$$0000000E  c_w.l(libinit2.o)
    0x00000306   0x00000306   0x00000000   Code   RO          271    .ARM.Collect$$libinit$$00000010  c_w.l(libinit2.o)
    0x00000306   0x00000306   0x00000000   Code   RO          274    .ARM.Collect$$libinit$$00000013  c_w.l(libinit2.o)
    0x00000306   0x00000306   0x00000000   Code   RO          276    .ARM.Collect$$libinit$$00000015  c_w.l(libinit2.o)
    0x00000306   0x00000306   0x00000000   Code   RO          278    .ARM.Collect$$libinit$$00000017  c_w.l(libinit2.o)
    0x00000306   0x00000306   0x00000000   Code   RO          280    .ARM.Collect$$libinit$$00000019  c_w.l(libinit2.o)
    0x00000306   0x00000306   0x00000000   Code   RO          282    .ARM.Collect$$libinit$$0000001B  c_w.l(libinit2.o)
    0x00000306   0x00000306   0x00000000   Code   RO          284    .ARM.Collect$$libinit$$0000001D  c_w.l(libinit2.o)
    0x00000306   0x00000306   0x00000000   Code   RO          286    .ARM.Collect$$libinit$$0000001F  c_w.l(libinit2.o)
    0x00000306   0x00000306   0x00000000   Code   RO          288    .ARM.Collect$$libinit$$00000021  c_w.l(libinit2.o)
    0x00000306   0x00000306   0x00000000   Code   RO          290    .ARM.Collect$$libinit$$00000023  c_w.l(libinit2.o)
    0x00000306   0x00000306   0x00000000   Code   RO          292    .ARM.Collect$$libinit$$00000025  c_w.l(libinit2.o)
    0x00000306   0x00000306   0x00000000   Code   RO          294    .ARM.Collect$$libinit$$00000027  c_w.l(libinit2.o)
    0x00000306   0x00000306   0x00000000   Code   RO          298    .ARM.Collect$$libinit$$0000002E  c_w.l(libinit2.o)
    0x00000306   0x00000306   0x00000000   Code   RO          300    .ARM.Collect$$libinit$$00000030  c_w.l(libinit2.o)
    0x00000306   0x00000306   0x00000000   Code   RO          302    .ARM.Collect$$libinit$$00000032  c_w.l(libinit2.o)
    0x00000306   0x00000306   0x00000000   Code   RO          304    .ARM.Collect$$libinit$$00000034  c_w.l(libinit2.o)
    0x00000306   0x00000306   0x00000002   Code   RO          305    .ARM.Collect$$libinit$$00000035  c_w.l(libinit2.o)
    0x00000308   0x00000308   0x00000002   Code   RO          327    .ARM.Collect$$libshutdown$$00000000  c_w.l(libshutdown.o)
    0x0000030a   0x0000030a   0x00000000   Code   RO          342    .ARM.Collect$$libshutdown$$00000002  c_w.l(libshutdown2.o)
    0x0000030a   0x0000030a   0x00000000   Code   RO          344    .ARM.Collect$$libshutdown$$00000004  c_w.l(libshutdown2.o)
    0x0000030a   0x0000030a   0x00000000   Code   RO          347    .ARM.Collect$$libshutdown$$00000007  c_w.l(libshutdown2.o)
    0x0000030a   0x0000030a   0x00000000   Code   RO          350    .ARM.Collect$$libshutdown$$0000000A  c_w.l(libshutdown2.o)
    0x0000030a   0x0000030a   0x00000000   Code   RO          352    .ARM.Collect$$libshutdown$$0000000C  c_w.l(libshutdown2.o)
    0x0000030a   0x0000030a   0x00000000   Code   RO          355    .ARM.Collect$$libshutdown$$0000000F  c_w.l(libshutdown2.o)
    0x0000030a   0x0000030a   0x00000002   Code   RO          356    .ARM.Collect$$libshutdown$$00000010  c_w.l(libshutdown2.o)
    0x0000030c   0x0000030c   0x00000000   Code   RO          228    .ARM.Collect$$rtentry$$00000000  c_w.l(__rtentry.o)
    0x0000030c   0x0000030c   0x00000000   Code   RO          230    .ARM.Collect$$rtentry$$00000002  c_w.l(__rtentry2.o)
    0x0000030c   0x0000030c   0x00000006   Code   RO          242    .ARM.Collect$$rtentry$$00000004  c_w.l(__rtentry4.o)
    0x00000312   0x00000312   0x00000000   Code   RO          232    .ARM.Collect$$rtentry$$00000009  c_w.l(__rtentry2.o)
    0x00000312   0x00000312   0x00000004   Code   RO          233    .ARM.Collect$$rtentry$$0000000A  c_w.l(__rtentry2.o)
    0x00000316   0x00000316   0x00000000   Code   RO          235    .ARM.Collect$$rtentry$$0000000C  c_w.l(__rtentry2.o)
    0x00000316   0x00000316   0x00000008   Code   RO          236    .ARM.Collect$$rtentry$$0000000D  c_w.l(__rtentry2.o)
    0x0000031e   0x0000031e   0x00000002   Code   RO          257    .ARM.Collect$$rtexit$$00000000  c_w.l(rtexit.o)
    0x00000320   0x00000320   0x00000000   Code   RO          307    .ARM.Collect$$rtexit$$00000002  c_w.l(rtexit2.o)
    0x00000320   0x00000320   0x00000004   Code   RO          308    .ARM.Collect$$rtexit$$00000003  c_w.l(rtexit2.o)
    0x00000324   0x00000324   0x00000006   Code   RO          309    .ARM.Collect$$rtexit$$00000004  c_w.l(rtexit2.o)
    0x0000032a   0x0000032a   0x00000002   PAD
    0x0000032c   0x0000032c   0x00000114   Code   RO          202  * .text               startup_tm4c123.o
    0x00000440   0x00000440   0x00000006   Code   RO          224    .text               c_w.l(heapauxi.o)
    0x00000446   0x00000446   0x0000004a   Code   RO          244    .text               c_w.l(sys_stackheap_outer.o)
    0x00000490   0x00000490   0x00000012   Code   RO          246    .text               c_w.l(exit.o)
    0x000004a2   0x000004a2   0x00000002   PAD
    0x000004a4   0x000004a4   0x00000008   Code   RO          254    .text               c_w.l(libspace.o)
    0x000004ac   0x000004ac   0x0000000c   Code   RO          317    .text               c_w.l(sys_exit.o)
    0x000004b8   0x000004b8   0x00000002   Code   RO          332    .text               c_w.l(use_no_semi.o)
    0x000004ba   0x000004ba   0x00000000   Code   RO          334    .text               c_w.l(indicate_semi.o)
    0x000004ba   0x000004ba   0x00000002   PAD
    0x000004bc   0x000004bc   0x0000000c   Code   RO           21    .text.CPUcpsie      cpu.o
    0x000004c8   0x000004c8   0x00000074   Code   RO           62    .text.GPIODirModeSet  my_gpio.o
    0x0000053c   0x0000053c   0x000002da   Code   RO           66    .text.GPIOPadConfigSet  my_gpio.o
    0x00000816   0x00000816   0x00000002   PAD
    0x00000818   0x00000818   0x0000002a   Code   RO           64    .text.GPIOPinTypeGPIOOutput  my_gpio.o
    0x00000842   0x00000842   0x00000002   PAD
    0x00000844   0x00000844   0x0000001e   Code   RO           70    .text.GPIOPinWrite  my_gpio.o
    0x00000862   0x00000862   0x00000002   PAD
    0x00000864   0x00000864   0x000000a0   Code   RO           82    .text.IntEnable     my_interrupt.o
    0x00000904   0x00000904   0x0000000e   Code   RO           86    .text.IntMasterEnable  my_interrupt.o
    0x00000912   0x00000912   0x00000002   PAD
    0x00000914   0x00000914   0x00000080   Code   RO           84    .text.IntRegister   my_interrupt.o
    0x00000994   0x00000994   0x00000022   Code   RO          104    .text.SysCtlPeripheralEnable  my_sysctl.o
    0x000009b6   0x000009b6   0x00000002   PAD
    0x000009b8   0x000009b8   0x0000010c   Code   RO          213    .text.SystemInit    system_tm4c123.o
    0x00000ac4   0x00000ac4   0x0000002e   Code   RO            6    .text.TIMER0A_IntHandler  main_3.o
    0x00000af2   0x00000af2   0x00000002   PAD
    0x00000af4   0x00000af4   0x0000003e   Code   RO            4    .text.TIMER1A_IntHandler  main_3.o
    0x00000b32   0x00000b32   0x00000002   PAD
    0x00000b34   0x00000b34   0x0000007e   Code   RO           40    .text.TimerConfigure  my_timer.o
    0x00000bb2   0x00000bb2   0x00000002   PAD
    0x00000bb4   0x00000bb4   0x00000020   Code   RO           38    .text.TimerDisable  my_timer.o
    0x00000bd4   0x00000bd4   0x0000001c   Code   RO           36    .text.TimerEnable   my_timer.o
    0x00000bf0   0x00000bf0   0x00000010   Code   RO           48    .text.TimerIntClear  my_timer.o
    0x00000c00   0x00000c00   0x00000014   Code   RO           46    .text.TimerIntEnable  my_timer.o
    0x00000c14   0x00000c14   0x00000026   Code   RO           50    .text.TimerIntRegister  my_timer.o
    0x00000c3a   0x00000c3a   0x00000002   PAD
    0x00000c3c   0x00000c3c   0x0000002c   Code   RO           44    .text.TimerLoadSet  my_timer.o
    0x00000c68   0x00000c68   0x0000002c   Code   RO           42    .text.TimerPrescaleSet  my_timer.o
    0x00000c94   0x00000c94   0x0000006e   Code   RO           52    .text._TimerIntNumberGet  my_timer.o
    0x00000d02   0x00000d02   0x00000002   PAD
    0x00000d04   0x00000d04   0x0000010a   Code   RO            2    .text.main          main_3.o
    0x00000e0e   0x00000e0e   0x0000001a   Code   RO          315    x$fpl$fpinit        fz_wm.l(fpinit.o)
    0x00000e28   0x00000e28   0x00000060   Data   RO           54    .rodata.g_ppui32TimerIntMap  my_timer.o
    0x00000e88   0x00000e88   0x00000014   Data   RO           94    .rodata.g_pui32EnRegs  my_interrupt.o
    0x00000e9c   0x00000e9c   0x00000020   Data   RO          390    Region$$Table       anon$$obj.o


    Execution Region ER_RW (Exec base: 0x20000000, Load base: 0x00001000, Size: 0x0000026c, Max: 0xffffffff, ABSOLUTE, COMPRESSED[0x00000008])

    Exec Addr    Load Addr    Size         Type   Attr      Idx    E Section Name        Object

    0x20000000   COMPRESSED   0x0000026c   Data   RW           95    vtable              my_interrupt.o


    Execution Region ER_ZI (Exec base: 0x20000270, Load base: 0x00001008, Size: 0x00000260, Max: 0xffffffff, ABSOLUTE)

    Exec Addr    Load Addr    Size         Type   Attr      Idx    E Section Name        Object

    0x20000270        -       0x00000060   Zero   RW          255    .bss                c_w.l(libspace.o)
    0x200002d0        -       0x00000000   Zero   RW          200    HEAP                startup_tm4c123.o
    0x200002d0        -       0x00000200   Zero   RW          199    STACK               startup_tm4c123.o


==============================================================================

Image component sizes


      Code (inc. data)   RO Data    RW Data    ZI Data      Debug   Object Name

        12          0          0          0          0       1006   cpu.o
       374          0          0          0          0        779   main_3.o
       918          0          0          0          0       2249   my_gpio.o
       302          0         20        620          0       1775   my_interrupt.o
        34          0          0          0          0        901   my_sysctl.o
       458          0         96          0          0       3079   my_timer.o
       276         24        620          0        512       5472   startup_tm4c123.o
       268          0          0          0          0       6731   system_tm4c123.o

    ----------------------------------------------------------------------
      2662         24        768        620        512      21992   Object Totals
         0          0         32          0          0          0   (incl. Generated)
        20          0          0          0          0          0   (incl. Padding)

    ----------------------------------------------------------------------

      Code (inc. data)   RO Data    RW Data    ZI Data      Debug   Library Member Name

        58          0          0          0          0          0   __dczerorl.o
         8          0          0          0          0         68   __main.o
         0          0          0          0          0          0   __rtentry.o
        12          0          0          0          0          0   __rtentry2.o
         6          0          0          0          0          0   __rtentry4.o
        52          8          0          0          0          0   __scatter.o
        28          0          0          0          0          0   __scatter_zi.o
        18          0          0          0          0         80   exit.o
         6          0          0          0          0        152   heapauxi.o
         0          0          0          0          0          0   indicate_semi.o
         2          0          0          0          0          0   libinit.o
         6          0          0          0          0          0   libinit2.o
         2          0          0          0          0          0   libshutdown.o
         2          0          0          0          0          0   libshutdown2.o
         8          4          0          0         96         68   libspace.o
         2          0          0          0          0          0   rtexit.o
        10          0          0          0          0          0   rtexit2.o
        12          4          0          0          0         68   sys_exit.o
        74          0          0          0          0         80   sys_stackheap_outer.o
         2          0          0          0          0         68   use_no_semi.o
        26          0          0          0          0        116   fpinit.o

    ----------------------------------------------------------------------
       342         16          0          0         96        700   Library Totals
         8          0          0          0          0          0   (incl. Padding)

    ----------------------------------------------------------------------

      Code (inc. data)   RO Data    RW Data    ZI Data      Debug   Library Name

       308         16          0          0         96        584   c_w.l
        26          0          0          0          0        116   fz_wm.l

    ----------------------------------------------------------------------
       342         16          0          0         96        700   Library Totals

    ----------------------------------------------------------------------

==============================================================================


      Code (inc. data)   RO Data    RW Data    ZI Data      Debug   

      3004         40        768        620        608      22416   Grand Totals
      3004         40        768          8        608      22416   ELF Image Totals (compressed)
      3004         40        768          8          0          0   ROM Totals

==============================================================================

    Total RO  Size (Code + RO Data)                 3772 (   3.68kB)
    Total RW  Size (RW Data + ZI Data)              1228 (   1.20kB)
    Total ROM Size (Code + RO Data + RW Data)       3780 (   3.69kB)

==============================================================================

